security-after
✔ review G2: another sender cannot replay a GM-only query projection (3.669934ms)
✔ review G2: authenticated status does not disclose another sender's receipt (0.409016ms)
✔ review G2: cancelled queued commands finish dedupe and return on retry (1.073185ms)
✔ review G2: capacity never evicts an unresolved in-flight command (0.183906ms)
✔ review G0: canonical fingerprints preserve literal __proto__ data (0.144116ms)
ℹ tests 5
ℹ suites 0
ℹ pass 5
ℹ fail 0
ℹ cancelled 0
ℹ skipped 0
ℹ todo 0
ℹ duration_ms 83.673028


population-after
npm warn Unknown env config "http-proxy". This will stop working in the next major version of npm.

> domain-manager@0.0.7 test
> node tests/run-tests.mjs full-review-population.test

✔ review G3: overflow never becomes an exact or estimated population (1.948263ms)
✔ review G3: hybrid comparison reports the exact oversized subset without changing declared total (0.234153ms)
ℹ tests 2
ℹ suites 0
ℹ pass 2
ℹ fail 0
ℹ cancelled 0
ℹ skipped 0
ℹ todo 0
ℹ duration_ms 121.21481


index-after
npm warn Unknown env config "http-proxy". This will stop working in the next major version of npm.

> domain-manager@0.0.7 test
> node tests/run-tests.mjs full-review-territory-index.test

✔ review G6: recreating a removed territory never leaves it under its old parents (1.945639ms)
ℹ tests 1
ℹ suites 0
ℹ pass 1
ℹ fail 0
ℹ cancelled 0
ℹ skipped 0
ℹ todo 0
ℹ duration_ms 119.521746


ticket-after
npm warn Unknown env config "http-proxy". This will stop working in the next major version of npm.

> domain-manager@0.0.8 test
> node tests/run-tests.mjs g6-runtime-vertical.test

✔ review G6: public tickets retry the same intent once and status authenticates remote callers (32.022147ms)
✔ review G6: dispute participation cannot disclose another territory's restricted claim (7.391465ms)
✔ review G6: agreement creation cannot fabricate owner execution receipts (4.018834ms)
✔ review G6: durable proposal replay remains bound to the original authenticated proposer after reload (11.173001ms)
✔ G6.9 runtime: composed owners, immutable facade and durable semantic state survive reload (10.239395ms)
✔ G6.9 runtime: authenticated remote sender cannot forge GM or inspect secrets (8.808678ms)
✔ G6.9 runtime: durable command dedupe persists after process restart (6.7773ms)
✔ G6.9 runtime: uncertain storage is fenced and recovered forward from durable intent (5.83487ms)
✔ G6.9 runtime: shared location hierarchy rejects missing/cyclic parent through semantic command (5.057148ms)
✔ G6.9 persistence: canonical journals have neutral names and deny public ownership (1.578808ms)
✔ G6.9 proposals: controller proposes, GM edits and approves atomically, original survives reload (10.469951ms)
✔ G6.9 proposals: stale approval fails closed and rejection preserves the request (12.579069ms)
✔ G6.9 UI: draft forms create each owner through authority and open a paginated escaped inspector (15.347444ms)
✔ G6.9 UI: territorial preview binds the confirmed payload and stale/edited fields require another preview (4.73302ms)
✔ G6.9 agreements: real economic owner executes once on activation, remains once after suspend/resume and restart (67.715395ms)
✔ G6.10 security: recovery journals deny observer access to secret before/after images (0.526594ms)
✔ G6.10 recovery: partial batch transfer is isolated and completed without erasing competing claims (24.166163ms)
✔ G6.10 recovery: divergent canonical state is never overwritten by automatic recovery (5.914599ms)
✔ G6.10 grants: authority applies source visibility, conditions, scope and expiry before provenance (16.993359ms)
✔ G6.10 tree and scale: indexed branches are independent and list pagination excludes secret counts (22.185489ms)
✔ G6.10 security: public territory cannot expose private parent, target or unclassified metadata (4.367329ms)
✔ G6.10 security: GM-only changes to a reviewed proposal stay on the authority (6.398258ms)
✔ G6.10 effects: economic receipt is reconciled after lost parent-save response without paying twice (34.396974ms)
✔ G6.10 effects: unavailable owner prevents activation before any canonical write (16.251121ms)
✔ G6.10 obligations: due date only reports; explicit confirmed breach may apply owner consequence once (52.659529ms)
✔ G6.10 reference guards: transfer cannot introduce a missing Domain, and embedded People parties require their owner record (4.640309ms)
✔ G6 audit: authority enforces relation uniqueness policy and independent scopes (6.946995ms)
✔ G6 audit: inherited treaty rights reach descendants without becoming global or copied truth (28.136604ms)
✔ G6 audit: restricted territory access uses all participating party types consistently (5.336859ms)
✔ G6 audit: public reputation and influence DTOs discard undeclared party metadata (3.716027ms)
ℹ tests 30
ℹ suites 0
ℹ pass 30
ℹ fail 0
ℹ cancelled 0
ℹ skipped 0
ℹ todo 0
ℹ duration_ms 558.187891


status-after
npm warn Unknown env config "http-proxy". This will stop working in the next major version of npm.

> domain-manager@0.0.7 test
> node tests/run-tests.mjs socketlib-upstream-real.test

✔ review G2 Socketlib: receipt status authenticates its requester and rejects spoofed extra arguments (6.614178ms)
✔ Socketlib Real v1.1.3+: Player sends RPC, GM authority receives, this.socketdata.userId matches player (0.744771ms)
✔ Socketlib Real v1.1.3+: Payload trying to declare another userId does NOT alter authenticated sender (0.339271ms)
✔ Socketlib Real v1.1.3+: Direct invocation of registered handler without socket context fails closed (0.432681ms)
ℹ tests 4
ℹ suites 0
ℹ pass 4
ℹ fail 0
ℹ cancelled 0
ℹ skipped 0
ℹ todo 0
ℹ duration_ms 122.014621


capacity-after
npm warn Unknown env config "http-proxy". This will stop working in the next major version of npm.

> domain-manager@0.0.7 test
> node tests/run-tests.mjs full-review-capacity.test

✔ review G4: capacity modifiers cancel exactly across intermediate overflow in any order (0.814636ms)
✔ review G4: the definition hard maximum clamps an exact oversized capacity before conversion (0.158258ms)
ℹ tests 2
ℹ suites 0
ℹ pass 2
ℹ fail 0
ℹ cancelled 0
ℹ skipped 0
ℹ todo 0
ℹ duration_ms 82.832781


workforce-after
npm warn Unknown env config "http-proxy". This will stop working in the next major version of npm.

> domain-manager@0.0.8 test
> node tests/run-tests.mjs full-review-workforce.test

✔ review G3: unsafe workforce capacity fails closed instead of authorizing rounded capacity (2.632263ms)
✔ review G3: unsafe workforce totals fail closed even when each type is individually valid (0.221434ms)
✔ review G3: workforce repository returns a typed overflow error after filtering the viewer's sources (1.683384ms)
ℹ tests 3
ℹ suites 0
ℹ pass 3
ℹ fail 0
ℹ cancelled 0
ℹ skipped 0
ℹ todo 0
ℹ duration_ms 109.534104


project-after
npm warn Unknown env config "http-proxy". This will stop working in the next major version of npm.

> domain-manager@0.0.7 test
> node tests/run-tests.mjs g5-revalidation-adversarial.test

✔ review G5: seven tenths of a progressive cost of ninety debits exactly sixty-three (23.924794ms)
✔ G5-REVAL-001 & G5-REVAL-012: Services normalize canonical JournalEntry.<id> against strict non-tolerant store (2.035163ms)
✔ G5-REVAL-002: Viewer spoofing is overridden fail-closed; secret entities remain hidden from unauthorized callers (1.006745ms)
✔ G5-REVAL-003 & G5-REVAL-011: Project workforce insufficiency rejects start; upfront debits, reservations and cancellations execute (7.637196ms)
✔ G5-REVAL-004: G5 commands execute with transactional coordinator locks; bus without coordinator fails closed (1.975604ms)
✔ G5-REVAL-005: Project completion creates real facility and real economy rewards producing ChildReceipts (6.213363ms)
✔ G5-REVAL-006: Side effect failure records partialFailure and transitions transaction to needs-recovery (4.786756ms)
✔ G5-REVAL-007 & G5-REVAL-008: Downtime enforces participant invariants and executes real outcomes upon completion (4.7567ms)
✔ G5-REVAL-009 & G5-REVAL-010: Facility maintenance debits resources; damage preserves append-only history (3.638477ms)
✔ G5-REVAL-011: Transaction records preserve real commandId and authorityEpoch !== 1 without fabricating identifiers (2.507585ms)
✔ G5-REVAL2-001: Nested lock between MutationCoordinator and EconomyService reentrantly succeeds through CommandBus (3.420589ms)
✔ G5-REVAL2-002: Project cancellation releases reservations in ReservationStore via CommandBus (6.785904ms)
✔ G5-REVAL2-003 & G5-REVAL2-004: Cumulative progressive cost tracking debits exact fractions without loss; fails closed on insufficient balance (10.388268ms)
✔ G5-REVAL2-005 & G5-REVAL2-006: TransactionRecord receives authorityEpoch !== 1 from CommandBus and transitions to needs-recovery on partial failure (3.05586ms)
✔ G5-REVAL2-007 & G5-REVAL2-008: Downtime validates disabled capability, missing facility, busy participant, and non-economy outcome fails closed (3.663135ms)
✔ G5-REVAL2-009: Workforce reservation in DomainPeopleData is allocated on project start and released on cancel/complete (2.835268ms)
✔ G5-REVAL3-001 & 002 (Fault 1): Project start rolls back reservations and workforce when domain save fails (0.799453ms)
✔ G5-REVAL3-002 & 004 (Fault 2): Project completion transitions to needs-recovery when child facility creation fails (2.672442ms)
✔ G5-REVAL3-002 & 004 (Fault 3): Project completion transitions to needs-recovery when domain save fails after child effects (4.196808ms)
✔ G5-REVAL3-004 (Fault 4): RecoveryService.recoverTransaction idempotently recovers projects:completion transaction (2.688687ms)
✔ G5-REVAL3-003 (Fault 5): Project cancel fails closed when economy reservation release fails (5.198806ms)
✔ G5-REVAL3-003 (Fault 6): Project cancel fails closed when workforce release fails (2.123095ms)
✔ G5-REVAL3-002 (Fault 7): Facility maintenance refunds debited costs when domain save fails (1.038563ms)
✔ G5-REVAL3-002 (Fault 8): Facility repair refunds debited costs when domain save fails (1.870736ms)
✔ G5-REVAL3-002 (Fault 9): Downtime start refunds debited upfront costs when domain save fails (0.772162ms)
✔ G5-REVAL3-005 (Fault 10): Downtime completion with failed mandatory outcome fails closed and does not complete (1.02959ms)
✔ G5-REVAL3-006 (Fault 11): facilities:apply-damage rejects non-GM Domain Controller with DM_SECURITY_PERMISSION_DENIED (5.894683ms)
✔ G5-REVAL4-001 (Fault 1): Downtime start transitions canonical lifecycle prepared -> committing -> committed (2.252491ms)
✔ G5-REVAL4-001 (Fault 2): Downtime resolution transitions canonical lifecycle prepared -> committing -> committed (4.606644ms)
✔ G5-REVAL4-002 (Fault 3): Flush failure immediately after prepared aborts without child writes (1.085424ms)
✔ G5-REVAL4-003 (Fault 4): Failed compensation transitions transaction to needs-recovery (3.738718ms)
✔ G5-REVAL4-004 (Fault 5): Recovery execution with recovery_<txId> lockOwner avoids self-deadlock (2.27178ms)
✔ G5-REVAL4-005 (Fault 6): Partial failure during recovery compensation preserves needs-recovery state (2.034993ms)
✔ G5-REVAL4-006 (Fault 7): Project completion recovery restores consumed economic reservations and released workforce (12.192503ms)
✔ G5-REVAL4-007 (Fault 8): Project advance atomic plan refunds progressive costs on save failure (2.0464ms)
✔ G5-REVAL4-008 (Fault 9): Project cancel atomic plan restores reservations and workforce on save failure (4.741628ms)
✔ G5-REVAL4-009 & G5-REVAL4-010 (Fault 10): Downtime auto-complete forwards execution context; Facilities maintenance & repair write transactions with recovery (7.539148ms)
✔ G5-REVAL4-008 Scenario A: Project cancel fails at People stage (Economy released, People fails -> Economy restored) (4.533404ms)
✔ G5-REVAL4-009 Scenario B: Downtime advance auto-completes with economic outcome dispatched via CommandBus (3.123351ms)
✔ G5-REVAL4-010 Scenario C: Facility repair crash after debit recovers cleanly via recoverAll(1) (3.130533ms)
✔ G5-REVAL4-004 & G5-REVAL4-006 Scenario D: Project start crash after upfront debit recovers cleanly via recoverAll(1) (1.95369ms)
✔ G5-REVAL4-001 & G5-REVAL4-004 Scenario E: Downtime start crash after upfront debit recovers cleanly via recoverAll(1) (1.66075ms)
✔ G5-REVAL5-009 Scenario 1: recoveryData flush fails after child write (compensates & returns storage error) (0.70394ms)
✔ G5-REVAL5-009 Scenario 2: Crash after parent Domain save and before durable committed reconciles to committed without re-mutating (8.245993ms)
✔ G5-REVAL5-009 Scenario 3: Final committed flush fails (returns DM_TRANSACTION_COMMIT_UNCONFIRMED & marks needs-recovery) (1.744846ms)
✔ G5-REVAL5-009 Scenario 4: Project Cancel crash after release with snapshots persisted before release (restores reservations/workforce cleanly) (3.226676ms)
✔ G5-REVAL5-009 Scenario 5: Second attempt of recovery after partial compensation success (idempotent, skips already completed step) (1.842204ms)
✔ G5-REVAL5-009 Scenario 6: Multiple onCompletion costs where second fails (refunds first debit cleanly) (3.818979ms)
✔ G5-REVAL5-009 Scenario 7: Workforce release fails during Project Completion (fail-closed, blocks completion) (3.136361ms)
✔ G5-REVAL5-009 Scenario 8: safeAutoRecovery=false remains in needs-recovery on startup recoverAll() while holding recovery lock (0.419321ms)
✔ G5-REVAL5-009 Scenario 9: Facility save already applied + transaction still committing reconciles to committed (1.286176ms)
✔ G5-REVAL5-AUDIT Scenario 10: Project completion flush failure after facility creation fails closed, compensates, and updates recoveryData (1.72051ms)
✔ G5-REVAL5-AUDIT Scenario 11: Project completion flush failure after resource credit fails closed, compensates, and updates recoveryData (1.431545ms)
✔ G5-REVAL5-AUDIT Scenario 12: RecoveryService scanOnStartup flushes transitioned committing records to disk (0.339672ms)
✔ G5-REVAL5-AUDIT Scenario 13: recoverTransaction fails closed and transitions back to needs-recovery if compensated flush fails (0.392651ms)
✔ G5-REVAL5-AUDIT Scenario 14: Compensator parent state reconciliation fails closed on domain read error (0.535566ms)
✔ G5-REVAL5-AUDIT Scenario 15: Facility snapshot restoration fails closed on domain read error without marking step completed (0.658471ms)
✔ G5-REVAL5-AUDIT Scenario 16: Interrupted compensation from crash transitions on startup to needs-recovery and recovers idempotently (1.137422ms)
✔ G5-REVAL5-AUDIT Scenario 17: Abandoned claimed/planned transactions transition to failed on startup scan (0.388074ms)
✔ G5-REVAL5-AUDIT Scenario 18: Downtime start parent state reconciliation rejects false match on definitionId when activityId differs (1.218644ms)
✔ G5-REVAL6-005 Scenario 19: Immediate compensation step A reverts, step B fails -> RecoveryService retry skips step A (4.031368ms)
✔ G5-REVAL6-005 Scenario 20: Compensation side effect succeeds, but markCompensationStepCompleted().flush() fails -> retry is idempotent via idempotencyKey and ledger query (1.395881ms)
✔ G5-REVAL6-005 Scenario 21: Transaction enters needs-recovery in runtime -> another mutation on same keys is blocked immediately before restart (2.835929ms)
✔ G5-REVAL6-005 Scenario 22: scanOnStartup encounters lock set [domain, entity] with one key occupied -> defers without acquiring partial locks (51.19971ms)
✔ G5-REVAL6-005 Scenario 23: recoverTransaction cannot execute with a partial lock set -> rejects with DM_RECOVERY_LOCK_FAILED (2004.932098ms)
✔ G5-REVAL6-005 Scenario 24: scanOnStartup transition flush fails -> compensation does not initiate, returns storage error, leaves locks held (1.157403ms)
✔ G5-REVAL6-005 Scenario 25: Concurrency between needs-recovery and recovery lock acquisition is prevented by zero-gap lock transfer (101.407748ms)
ℹ tests 67
ℹ suites 0
ℹ pass 67
ℹ fail 0
ℹ cancelled 0
ℹ skipped 0
ℹ todo 0
ℹ duration_ms 2484.960202


runner-after
npm warn Unknown env config "http-proxy". This will stop working in the next major version of npm.

> domain-manager@0.0.8 test
> node tests/run-tests.mjs g6-foundry-runner.test

✔ G6 Foundry runner: GM, Player, recovery reload and failover phases use real semantic owners (11191.085342ms)
ℹ tests 1
ℹ suites 0
ℹ pass 1
ℹ fail 0
ℹ cancelled 0
ℹ skipped 0
ℹ todo 0
ℹ duration_ms 11303.822373

