npm warn Unknown env config "http-proxy". This will stop working in the next major version of npm.

> domain-manager@0.0.8 test
> node tests/run-tests.mjs

✔ G4.2: NativeResourceAccount passes validation with safe integer balance (0.867526ms)
✔ G4.2: NativeResourceAccount rejects non-safe-integer balance and negative capacity (0.174903ms)
✔ G4.2: DerivedResourceAccount validates resolverId (0.17908ms)
✔ G4.2: ProviderResourceAccount validates providerId and providerRef (0.135384ms)
✔ G4.2: DomainEconomyData detects duplicate resource accounts in the same domain (0.23971ms)
✔ G4.2: tryGetDomainEconomyData, withDomainEconomyData roundtrip and capability registry (0.59799ms)
✔ G6.4: multiparty proposal is separate from active terms and activation requires unanimous current acceptance (6.160755ms)
✔ G6.4: counter preserves old snapshot and resets votes, rejects stale proposal revision (3.20204ms)
✔ G6.4: rejection permits a new proposal without deleting rejected rounds (0.705923ms)
✔ G6.4: proposal deadline closes acceptance; explicit expiration preserves history (0.667045ms)
✔ G6.4: amendment requires reapproval, keeps active old terms until enactment and snapshots before/after (2.975429ms)
✔ G6.4: explicit no-reapproval policy still requires durable amendment ID/history (1.101068ms)
✔ G6.4: breach preserves agreement; expiry and suspension deactivate effectiveness without erasing terms (2.3582ms)
✔ G6.4: renewal extends duration only under explicit automatic policy and records event (1.34192ms)
✔ G6.4: idempotent vote/lifecycle no-ops do not append audit or revision (1.339236ms)
✔ G6.4: validators reject corrupt party, history, votes, duration and unavailable term owner (1.120887ms)
✔ G6.4: stale entity revision, unknown party and duplicate event fail before mutation (1.104373ms)
✔ G6.5: due and grace are read models, not automatic confirmed breach/termination (11.727655ms)
✔ G6.5: overdue policy may allege breach but never confirms it (1.826569ms)
✔ G6.5: evidence, allegation, contest and decision are audited separately (6.116168ms)
✔ G6.5: confirmed partial breach preserves agreement and unrelated obligations/rights (3.175571ms)
✔ G6.5: rights, grants and conditions are derived and cease at source expiry/suspension (2.979346ms)
✔ G6.5: secret terms are filtered before derived rights/capabilities (1.307899ms)
✔ G6.5: amendment preserves obligation source snapshot and creates a new generation for changed requirements (4.848809ms)
✔ G6.5: stale revisions, orphan term, duplicate evidence and malformed structured payload fail closed (3.173137ms)
✔ G6.5: owner effects are declared and planned without changing economic balances (2.595046ms)
✔ G6.5: execution calls owner through CompositeMutationSession and retains real receipt/identity (1.478005ms)
✔ G3.7 - Assignments: Create assignment within capacity succeeds and updates workforce (11.121742ms)
✔ G3.7 - Assignments: Overcommit is blocked without explicit override (DEC-1121) (2.756179ms)
✔ G3.7 - Assignments: Cancel assignment frees committed workforce (DEC-1124) (2.203848ms)
✔ G3.7 - Reservations: Create and release workforce reservations (3.598687ms)
✔ G3.7 - Assignments: Non-GM remote command is rejected (0.503528ms)
✔ base extension registry accepts and freezes an extension (0.925032ms)
✔ basic fixture preserves an ID and value (1.232976ms)
✔ Validator: docs/BUILD_STATE.md é um snapshot canônico sem microtarefas antigas ou baselines obsoletos (1.923115ms)
✔ G4.6: validateCapacityModifier validates correctly (0.745261ms)
✔ G4.6: resolveEffectiveCapacity respects modifiers, broken sources, and hard definition bounds (0.303977ms)
✔ G4.6: evaluateCapacity enforces block, allow-with-warning, overflow, and absolute definition limits (0.466843ms)
✔ G4.6: ResourceThreshold validation and crossing detector (0.313622ms)
✔ CommandRegistry registers public and internal handlers and validates namespaced type (1.593419ms)
✔ CommandBus executes public command successfully via transport (4.169126ms)
✔ CommandBus rejects missing handler with DM_COMMAND_HANDLER_NOT_FOUND (0.474224ms)
✔ CommandBus rejects malformed command envelope with DM_COMMAND_ENVELOPE_INVALID (0.331789ms)
✔ CommandBus rejects internal-only command called via remote transport even by GM (0.492361ms)
✔ CommandBus allows internal command via executeLocal (0.566893ms)
✔ CommandBus rejects payload spoofing attempts with DM_SECURITY_SENDER_SPOOFED (0.429897ms)
✔ CommandBus handles handler execution failure safely without throwing (0.704471ms)
✔ computeCommandFingerprint is deterministic regardless of object key order (2.073261ms)
✔ CommandBus deduplicates retry of same commandId with same intent without re-executing handler (3.077133ms)
✔ CommandBus rejects reuse of same commandId with different payload (DM_COMMAND_ID_REUSE_MISMATCH) (0.51168ms)
✔ CommandBus coordinates simultaneous concurrent requests for same commandId (30.634858ms)
✔ CommandDedupeStore respects LRU eviction capacity and TTL retention (0.540644ms)
✔ createCommandId generates an opaque ID with 'cmd' prefix and valid UUID (1.734842ms)
✔ isCommandType enforces namespaced <namespace>:<action> format (0.187102ms)
✔ validateCommandEnvelope accepts a canonical valid command (0.935388ms)
✔ validateCommandEnvelope accepts optional declarative fields without mutating them (0.288825ms)
✔ validateCommandEnvelope rejects non-object inputs (0.213281ms)
✔ validateCommandEnvelope rejects missing, non-integer, or unsupported contractVersion (0.212089ms)
✔ validateCommandEnvelope rejects missing or invalid commandId (0.195004ms)
✔ validateCommandEnvelope rejects empty or invalid type (0.564429ms)
✔ validateCommandEnvelope rejects missing or non-JSON-safe payloads (0.368865ms)
✔ validateCommandEnvelope rejects invalid issuedAtReal (0.282205ms)
✔ validateCommandEnvelope rejects invalid optional fields (0.49184ms)
✔ authenticated sender is derived solely from transportContext.senderUserId (0.254062ms)
✔ ADVERSARIAL: payload containing spoofed userId is rejected as divergence (0.222395ms)
✔ ADVERSARIAL: payload containing spoofed claimedUserId, senderUserId, or senderId is rejected (0.175705ms)
✔ ADVERSARIAL: payload containing nested user.id spoofing is rejected (0.230487ms)
✔ matching claimed userId in payload does not substitute transport boundary (0.116085ms)
✔ internal authority technical command context accepts null sender and technical source (0.1596ms)
✔ createAuthenticatedCommandContext rejects invalid authority parameters (4.488282ms)
✔ AuthenticatedCommandContext is frozen and cannot be mutated by handlers (0.725282ms)
✔ expected revisions remain declarative client data without mutating authority (0.195424ms)
✔ CommandTransport loopback delivers command to authority with authenticated sender context (0.375335ms)
✔ CommandTransport loopback rejects malformed envelopes at the authority boundary (0.190246ms)
✔ CommandTransport returns error when no receiver is registered (0.084097ms)
✔ command transport and envelope modules have zero dependencies on Foundry globals or socketlib (0.178218ms)
✔ G4.10 Concurrency: 10 parallel cross-transfers between Domain A and B conserve mass and do not deadlock (126.899781ms)
✔ G4.10 Concurrency: 3-domain cycle transfers (A->B, B->C, C->A) avoid deadlock via deterministic lock ordering (76.147333ms)
✔ G4.10 Concurrency: concurrent adjustments on the same domain are atomic with no lost updates (28.178115ms)
✔ G4.10 Concurrency: competing concurrent reservations prevent over-reservation (4.300824ms)
✔ G4.10 Concurrency: concurrent reversals of the same ledger entry allow exactly one reversal (8.172899ms)
✔ ok creates a successful Result (0.859604ms)
✔ ok preserves warnings (1.161429ms)
✔ err creates a failed Result (0.267603ms)
✔ PublicError factory freezes the returned error (0.247462ms)
✔ isPublicError rejects malformed values (0.23248ms)
✔ G4-AUD-003: Strict cross-domain integrity blocks consuming reservations of other domains (5.669855ms)
✔ G4-AUD-003: Reversal rejects entry domain mismatch (2.218459ms)
✔ diagnostics snapshot exposes only safe bootstrap metadata (1.178625ms)
✔ capability resolver keeps unknown IDs as unavailable and degraded (0.92346ms)
✔ capability validation requires a registered functional capability (0.400843ms)
✔ capability registry validates known config without discarding unknown config (0.344659ms)
✔ capability IDs must be namespaced and enabled IDs cannot repeat (0.194313ms)
✔ domain codec round-trips the canonical payload (2.390899ms)
✔ domain codec does not duplicate the primary name (0.224157ms)
✔ domain codec canonicalizes aliases, tags and technical IDs deterministically (0.567695ms)
✔ hierarchy accepts multiple roots and warns about a broken parent UUID (1.47452ms)
✔ hierarchy rejects cycles and self-parenting using canonical UUIDs (0.454955ms)
✔ reparent validator accepts a valid parent and rejects a missing parent (0.383708ms)
✔ reparent validator blocks moving a node below its descendant (0.249686ms)
✔ hierarchy rejects local IDs masquerading as Foundry UUIDs (0.238519ms)
✔ domain index rebuilds and queries canonical fields (2.255375ms)
✔ domain index applies incremental upserts and removals (0.2987ms)
✔ domain index rebuild is atomic when an entry is invalid (0.320803ms)
✔ integrity checker reports a healthy canonical set (2.539943ms)
✔ integrity checker keeps recoverable orphan and unknown capability diagnostic (1.202711ms)
✔ integrity checker reports schema, revision, lifecycle and duplicate errors (0.575146ms)
✔ integrity checker detects hierarchy cycles and invalid payloads (0.430528ms)
✔ adapter reads name separately from domain flags (1.550574ms)
✔ adapter writes name and namespaced payload through injected boundary (1.711857ms)
✔ domain migration seed freezes the canonical v1 baseline (2.067813ms)
✔ domain migration seed factory is deterministic and returns independent records (0.909779ms)
✔ repository reads a domain through the document boundary (2.272892ms)
✔ repository queries decoded domains without accessing raw flags (1.627831ms)
✔ repository saves name and payload through the adapter (1.555542ms)
✔ repository creates, loads, and updates a domain internally (0.953976ms)
✔ repository archives and restores without replacing the document (1.0563ms)
✔ repository increments revision only for semantic changes (0.553623ms)
✔ repository rejects stale revisions without writing (0.528095ms)
✔ repository reparents a Domain and blocks cycles (1.101308ms)
✔ repository rebuilds and incrementally updates its derived index (0.83054ms)
✔ repository exposes read-only integrity diagnostics for invalid payloads (1.791467ms)
✔ repository rejects invalid records and missing documents (0.358911ms)
✔ generic save cannot bypass hierarchy cycle validation (0.335896ms)
✔ repository query uses the derived index after its initial rebuild (0.290678ms)
✔ repository preserves immutable document UUID identity (0.319221ms)
✔ repository removes an alias that duplicates the primary JournalEntry name (0.296736ms)
✔ Strict Store Mock rejects JournalEntry.<id> lookup to guarantee no bypass (1.485677ms)
✔ Strict Resolution 1: economy:create-account accepts full JournalEntry.<id> UUID (10.225283ms)
✔ Strict Resolution 2: economy:adjust accepts full JournalEntry.<id> UUID (4.1449ms)
✔ Strict Resolution 3: economy:transfer accepts full JournalEntry.<id> UUID on source and target (14.054588ms)
✔ Strict Resolution 4: economy:convert accepts full JournalEntry.<id> UUID (3.393007ms)
✔ Strict Resolution 5: economy:reserve and economy:consume-reservation accept full JournalEntry.<id> UUID (3.209631ms)
✔ Strict Resolution 6: economy:reversal accepts full JournalEntry.<id> UUID (3.201951ms)
✔ Strict Resolution 7: economy:close-account accepts full JournalEntry.<id> UUID (1.582463ms)
✔ Strict Resolution 8: PublicEconomyApi, NativeResourceProvider, EconomyAggregationProvider resolve with full UUID (2.813376ms)
✔ domain validator accepts the canonical shape (4.052761ms)
✔ domain validator rejects invalid revision and lifecycle (0.465761ms)
✔ domain validator never throws on malformed nested payloads (0.53825ms)
✔ domain validator enforces defensive canonical limits (0.377008ms)
✔ G5.8: validateDowntimeDefinition validates namespaced ID, schema, scope, tags, and participant bounds (1.141809ms)
✔ G5.8: validateDowntimeParticipant enforces participant structure and validates non-empty ref and role (0.426422ms)
✔ G5.8: validateDowntimeInstance enforces valid lifecycle, revision, participants, and elapsed ticks (0.39216ms)
✔ G5.8: validateDowntimeLifecycleTransition enforces legal state transitions (DEC-2751 §4.2) (0.226772ms)
✔ G5.8: isDowntimeComplete respects durationTicks and enforces indefinite downtime never auto-completes (Master Spec §17) (0.303877ms)
✔ G5.8: DowntimeDefinitionRegistry registers, lists, filters, freezes, and loads canonical downtime activities (0.33195ms)
✔ G5.8: DomainDowntimeData persists, validates duplicate IDs, and integrates with DomainRecord (0.510178ms)
✔ G5-AUD-008: Corrupt downtime data produces PublicError and getDomainDowntimeData throws (0.376737ms)
✔ G5.8: CapabilityRegistry validates domain-manager:downtime configuration (0.35214ms)
✔ G4.10: composeDomainManagerRuntime wires economy service, stores, and commands into runtime (25.551917ms)
✔ G4.7: createAccount creates account and generates opening-balance ledger entry when initialBalance > 0 (8.386986ms)
✔ G4.7: adjust preview and commit enforce reasons, safe delta, and capacity (4.130398ms)
✔ G4.7: transfer moves resources atomically, enforces mass conservation, and orders multi-locks (12.245365ms)
✔ G4.7: convert converts between two resources atomically with paired ledger entries (3.345266ms)
✔ G4.7: reservation lifecycle: reserve, consume, release, and availability separation (3.311094ms)
✔ G4.7: reverseLedgerEntry compensates balance and prevents double reversal (1.746689ms)
✔ G4.7: CommandBus executes economy:transfer end-to-end (5.320279ms)
✔ G4-REVAL3-002: Command envelope forged authorityEpoch does not override authenticated ctx.authorityEpoch in TransactionRecord (1.877777ms)
✔ G4.9: buildEconomyViewModel sanitizes secret accounts for non-GM viewers (17.142496ms)
✔ G4.9: renderEconomySubsystemHtml escapes malicious input against XSS (0.496097ms)
✔ G4.9: EconomyApplication and EconomyApplicationController lifecycle (49.018423ms)
✔ G4-REVAL3-005: buildEconomyViewModel enforces restricted clearance and masks reasons for non-GM viewers (2.692819ms)
✔ G4-REVAL3-006: EconomyApplication action dispatch executes exactly once per click (single action pipeline) (1.056ms)
✔ G4-REVAL4-004: buildEconomyViewModel includes provider health statuses and transaction history (2.256347ms)
✔ G4-REVAL4-004: EconomyApplicationController dispatches Quick Resource Create and Account (8.090454ms)
✔ Adversarial G2-AUD-019: validateCommandEnvelope rejects payload containing undefined at any depth (2.483368ms)
✔ Adversarial G2-AUD-020: validateCommandEnvelope rejects oversized payloads or excessive nesting depth (0.680915ms)
✔ Adversarial G2-AUD-021: computeCommandFingerprint includes targetRefs in canonical intent (0.516177ms)
✔ Adversarial G2-AUD-017: createMutationPlan is deeply immutable against caller-side object mutation (1.180978ms)
✔ Adversarial G2-AUD-018: sanitizeReceiptForPublic redacts sensitive fields in result and error.details (0.704941ms)
✔ G5.7: advanceFacilityMaintenanceTicks tracks abstract ticks and accumulates overdue ticks without system clock (2.500565ms)
✔ G5.7: advanceFacilityMaintenanceTicks applies overdue policies (degrade_readiness and degrade_integrity) (0.352661ms)
✔ G5.7: advanceFacilityMaintenanceTicks handles condition duration countdown and automatic expiration (0.396317ms)
✔ G5.7: calculateFacilityEffectiveCapabilities respects condition capability suppression and readiness penalties (1.122229ms)
✔ G5.7: evaluateFacilityMaintenancePlan and commitFacilityMaintenance execute plan -> commit cycle (0.831983ms)
✔ G5.7: evaluateFacilityMaintenancePlan enforces resource availability and rejects destroyed facilities (0.341645ms)
✔ G5.7: evaluateBatchFacilityMaintenancePlan aggregates costs and previews multi-facility maintenance (0.688517ms)
✔ G5.7: applyFacilityDamage preserves ownership and modules while updating integrity and lifecycle (0.467935ms)
✔ G5.7: evaluateFacilityRepairPlan permits small direct repair and restores facility to operational (0.765633ms)
✔ G5.7: evaluateFacilityRepairPlan enforces Project requirement for significant damage or critical conditions (0.50487ms)
✔ G5.7: Destroyed facility strictly requires Project reconstruction and rejects direct repair (0.526603ms)
✔ G5.6: validateFacilityDefinition validates namespaced ID, schema, labels, and capabilities (1.732818ms)
✔ G5.6: FacilityDefinitionRegistry registers, lists, filters, freezes, and loads canonical facilities (0.721216ms)
✔ G5.6: validateFacilityInstance enforces valid lifecycle, readiness, integrity, and levels (0.587054ms)
✔ G5.6: validateFacilityLifecycleTransition validates legal and illegal transitions (0.30539ms)
✔ G5.6: calculateFacilityEffectiveCapabilities strictly separates Lifecycle and Readiness (Master Spec §16) (1.878528ms)
✔ G5.6: DomainFacilitiesData persists, validates duplicate IDs, and integrates with DomainRecord (0.754746ms)
✔ G5-AUD-008: Corrupt facilities data produces PublicError and getDomainFacilitiesData throws (0.48521ms)
✔ G4-AUD-002: Transfer step-2 failure triggers complete automatic rollback (atomic conservation) (21.306751ms)
✔ G4-AUD-002: RecoveryService.recoverAll rolls back dangling uncommitted transactions on startup (2.540364ms)
✔ G4-AUD-003: Partial and full reservation consume rollback on injected domain update failure (5.025986ms)
✔ G4-AUD-002: Durable TransactionStore survives crash restart and repeated recovery is idempotent (4.956132ms)
✔ G4-AUD-002: Conversion recovery compensation restores from and to balances on partial commit failure (1.132996ms)
✔ G4-REVAL3-001: 6-point crash fault recovery matrix verifies mass conservation, ledger consistency, and idempotency (5.401882ms)
✔ FoundryCommandTransportAdapter performs local loopback when current user is primary authority (2.610199ms)
✔ FoundryCommandTransportAdapter dispatches via Socketlib RPC when client is not authority (1.097983ms)
✔ FoundryCommandTransportAdapter rejects send if authority is not available (0.293803ms)
✔ FoundryCommandTransportAdapter fails closed with DM_TRANSPORT_UNAVAILABLE when Socketlib is absent for remote dispatch (0.360312ms)
✔ FoundryCommandTransportAdapter rejects unauthenticated send (0.28568ms)
✔ Teste A: Socketlib ausente — transport.send() retorna DM_TRANSPORT_UNAVAILABLE e não emite DM_CMD_REQUEST no socket nativo (2.370279ms)
✔ Teste B: Bypass pelo native socket — DM_CMD_REQUEST no canal nativo não executa handler do CommandBus (26.000066ms)
✔ Teste C: Status query bypass — DM_CMD_STATUS_QUERY no canal nativo não consulta estado autoritativo (27.270333ms)
✔ Teste D: Regressão Socketlib — player -> Primary Authority via executeAsUser, sender autenticado, anti-spoofing e Promise RPC (7.26047ms)
✔ getStatus(): remote client requires Socketlib, otherwise fails closed with DM_TRANSPORT_UNAVAILABLE (0.804891ms)
✔ Foundry Domain store reads the injected game.journal boundary (2.515096ms)
✔ Foundry Domain store creates canonical JournalEntries through the runtime (0.348324ms)
✔ Foundry Domain store fails loudly when JournalEntry.create returns nothing (0.54485ms)
✔ Foundry Domain store ignores ordinary JournalEntries without Domain flags (0.163867ms)
✔ registers hidden world settings for preferred GM and atomic authority state (2.591191ms)
✔ ready-time reconciliation rehydrates persisted identity and epoch without rewriting (1.040656ms)
✔ first authority seeds and persists state at epoch zero (0.429376ms)
✔ effective failover is persisted only by the newly elected local authority (0.473954ms)
✔ no-GM gap does not create unpersistable epoch churn (0.316867ms)
✔ new authority after a no-GM gap advances exactly once from persisted executor (0.677971ms)
✔ non-authority clients never race the authority state world-setting write (0.309196ms)
✔ preferred GM setting is read as an exact user id (0.391799ms)
✔ persisted state synchronization advances stale clients atomically and never rolls back (0.762698ms)
✔ corrupt persisted state fails closed at adapter construction and synchronization (4.510059ms)
✔ Adversarial: FoundryCommandTransportAdapter rejects remote packet spoofing the local Primary Authority (11.992684ms)
✔ review G4: capacity modifiers cancel exactly across intermediate overflow in any order (1.370543ms)
✔ review G4: the definition hard maximum clamps an exact oversized capacity before conversion (0.217457ms)
✔ review G3: overflow never becomes an exact or estimated population (1.463704ms)
✔ review G3: hybrid comparison reports the exact oversized subset without changing declared total (0.225269ms)
✔ review G2: another sender cannot replay a GM-only query projection (3.867923ms)
✔ review G2: authenticated status does not disclose another sender's receipt (0.421355ms)
✔ review G2: cancelled queued commands finish dedupe and return on retry (1.473158ms)
✔ review G2: capacity never evicts an unresolved in-flight command (0.189736ms)
✔ review G0: canonical fingerprints preserve literal __proto__ data (0.150537ms)
✔ review G6: recreating a removed territory never leaves it under its old parents (4.153913ms)
✔ review G3: unsafe workforce capacity fails closed instead of authorizing rounded capacity (2.694136ms)
✔ review G3: unsafe workforce totals fail closed even when each type is individually valid (0.380874ms)
✔ review G3: workforce repository returns a typed overflow error after filtering the viewer's sources (1.698627ms)
✔ G3 Remediation Item 1 & 5: Public People API enforces viewer identity, clamps caller spoofing, and strips secrets (21.712296ms)
✔ G3 Remediation Item 1 & 5: Fail-closed restricted visibility & deep occupant/member stripping (13.638692ms)
✔ G3 Remediation Item 4: evaluateRole validates definition prerequisites against enabled capabilities (0.574084ms)
✔ G3 Remediation Item 4: grantPolicy = requirementsSatisfied dynamic capability resolution (0.541044ms)
✔ G3 Remediation Item 2: Assignment & reservation contracts, target registry, notable capacity, world time (9.621143ms)
✔ G3 Remediation Item 2.7: Reservation overlap checks evaluate current active reservations correctly (6.984635ms)
✔ G3 Remediation Item 6: Domain integrity diagnostics and PeopleRepairTool (5.517857ms)
✔ G3 Remediation Item 7: calculatePeopleAggregate reports unknownContributors (1.626669ms)
✔ G3 Remediation Item 3: PeopleApplicationController navigates tabs, entities, and executes commands (2.39178ms)
✔ G3 Blocker 1: Public People API has no asAdmin, no asAuthority, and strips secrets for non-GM (40.869255ms)
✔ G3 Blocker 2: Authorized Player routes mutations through UI -> CommandBus.execute -> Authority -> Committed (7.540381ms)
✔ G3 Blocker 2: Unauthorized Player mutating foreign domain is rejected by Authority (1.171324ms)
✔ G3 Blocker 2: Parallel players on independent domains succeed concurrently; same domain serialized (2.905114ms)
✔ G3 Blocker 3: Production bundle dist/main.js exports UI components and action wiring (8.825216ms)
✔ G3 Blocker 3: PeopleApplication and PeopleApplicationController modal and navigation wiring (1.035649ms)
✔ G3 Blocker 4: PeopleRepairTool routes all repairs through people:repair transactional pipeline with locks & GM check (8.23726ms)
✔ G3 Blocker 2: UI exclusively invokes CommandBus.execute (never executeLocal) and refreshes after receipt (1.841432ms)
✔ G3 Blocker 4: Secondary GM or client without local Primary Authority cannot execute repair locally (0.623789ms)
✔ G3 Blocker 4: Repair with stale expectedRevision is rejected with revision conflict (0.993746ms)
✔ G3 Blocker 1: PeopleApplication complies with Foundry v13 ApplicationV2 lifecycle (_prepareContext, _renderHTML, _replaceHTML, _onRender, DEFAULT_OPTIONS.actions) (4.501367ms)
✔ G3 Blocker 1: PeopleApplication #onSubmitCreate extracts FormData and persists Notable, Role, and OperationalGroup (157.47569ms)
✔ G3 Blocker 2: Player who is only createdByUserId but NOT controller is DENIED (7.283725ms)
✔ G3 Blocker 2: Explicit Domain Controller via DomainControllerPolicy contract is ALLOWED (1.328159ms)
✔ G3 Blocker 2: Historical creator after control transfer is DENIED; new owner is ALLOWED (3.939245ms)
✔ G3 Blocker 2: Imported domain with old createdByUserId does NOT grant permission (0.349637ms)
✔ G3 Blocker 2: Game Master is always ALLOWED regardless of document ownership (0.964212ms)
✔ G3 Blocker 2: Unauthorized random player without GM, ownership, or policy is DENIED (0.641916ms)
✔ G3 Blocker 3: PeopleRepairTool requires CommandBus and rejects repository/coordinator construction (0.44487ms)
✔ G3 Blocker 3: Source code verification guarantees zero occurrences of local-authority fake (11.332049ms)
✔ G3 Blocker 3: Concurrent normal mutation vs repair preserves domain lock and revision integrity (2.518141ms)
✔ G3 Blocker 1: UI action model unification - clicking input causes 0 commands, button click triggers exactly 1 command, Enter triggers exactly 1 command (133.47205ms)
✔ G3 Blocker 1: Opening Create Modal multiple times results in exactly 1 backdrop and listeners are not duplicated across re-renders (55.350074ms)
✔ G3 Blocker 2: Player with OBSERVER (ownership 2) + designated Domain Controller is ALLOWED; without controller is DENIED (4.794568ms)
✔ G3 Blocker 2: Persisted capability controllers authorize OBSERVER player without in-memory assignment (4.992345ms)
✔ G3 Blocker 2: Two OBSERVER controllers on different domains execute concurrently via multiplayer bus (1.062529ms)
✔ G3 Blocker 2: composeDomainManagerRuntime wires DefaultDomainControllerProvider and unregisters on destroy (3.941894ms)
✔ G3 Blocker: PeopleApplication inherits native ApplicationV2 element accessor and does not mask it with a custom getter (0.53864ms)
✔ G5.10 Acceptance: progress inteiro e % derivado (Master Spec §15.2, DEC-086, DEC-087, DEC-090) (1.087096ms)
✔ G5.10 Acceptance: resolver não muta (pure resolver contract) (1.970792ms)
✔ G5.10 Acceptance: completion não checkbox e partial failure explícita (Master Spec §15.4) (1.458776ms)
✔ G5.10 Acceptance: Project não escreve Economy/People (Boundary Preservation) (3.018144ms)
✔ G5.10 Acceptance: Facility lifecycle ≠ readiness (Master Spec §16, DEC-2601–2750) (0.279ms)
✔ G5.10 Acceptance: Downtime não é Project & participant != Foundry User (Master Spec §17) (0.208654ms)
✔ G5.10 Acceptance: history append-oriented & double reversal rejection (DEC-088) (0.268575ms)
✔ G5.10 Integration: DomainIntegrityChecker validates G5 capability configurations (2.298866ms)
✔ G5.10 Scale & Stress: 10 Domains, 25+ Projects, 30+ Facilities, 20+ Downtime Activities (38.396658ms)
✔ G5.10 Adversarial: optimistic locking and stale revision rejection (4.645974ms)
✔ G5.10 Adversarial: illegal lifecycle transitions are strictly rejected (0.175194ms)
✔ T1: Project Start / Economy debit (real upfront debit effect -> receipt flush failure -> rehydrate stores -> recovery refunds debit) (14.769965ms)
✔ T2: Project Start / Economy reservation (real reservation -> receipt flush failure -> rehydrate -> compensator releases reservation using step.intent.reservationId) (2.900947ms)
✔ T3: Project Start / Workforce reservation (real workforce allocation -> receipt flush failure -> rehydrate -> compensator releases workforce reservation using step.intent.reservationId) (2.439482ms)
✔ T4: Project Completion / Facility create (real facility create -> receipt flush failure -> rehydrate -> compensator rolls back facility using step.intent.facilityId) (6.587997ms)
✔ T5: Provider child timeout (unknown outcome) -> parent marked needs-recovery, fence active, NO blind compensation (2.912265ms)
✔ T6: Project custom handler (handler mutates state & throws -> step marked unknown, parent in needs-recovery, reconciliation required) (1.917046ms)
✔ T7: Downtime custom handler (handler mutates & throws -> step marked unknown, parent in needs-recovery) (2.647005ms)
✔ T8: Startup barrier (unresolved transaction persisted before runtime creation -> mutating commands rejected before fence/by fence during startup) (11.097787ms)
✔ T9: Pending lock retry (active_worker holds lock during startup scan -> deferred -> release triggers automatic retry via LockManager.onLockReleased) (105.808747ms)
✔ T10: Economy restart ledger idempotency (adjust -200, ledger flush fails -> restart -> retry adjust -200 -> balance remains 800, ledger has exactly 1 entry) (1.01647ms)
✔ T11: Lock drift detection in real flow (executeProjectStartDomainOperationPlan with extra lock keys -> Session rejects with DM_TX_LOCKSET_DIVERGENCE) (2.176306ms)
✔ T12: Facilities checkpoint flush failure during maintainFacility -> fails closed, transitions to needs-recovery/compensation (6.127094ms)
✔ T13: OperationRef uniqueness across consecutive transactions (different transactionIds produce non-colliding operationRefs) (3.073227ms)
✔ T14: Fail-closed ledger reconstruction (append Err -> Err, flush Err -> Err, success -> state: ledger-confirmed) (0.840305ms)
✔ T15: Primary Authority failover recovery barrier during session (safe mode rejection before barrier, DM_RECOVERY_SCOPE_BLOCKED on affected domain, unaffected domain allowed) (5.497726ms)
✔ T16-A: AuthorityRecoveryBarrier race (overlapping transitions keep mutations disabled until the last scan completes) (1.183782ms)
✔ T16-B: AuthorityRecoveryBarrier reconcile error (fails closed, maintains safe mode, rejects mutations, diagnostics available) (1.019174ms)
✔ T17: Provider operationRef in commitAdjust (passed to mutateBalance, stored in recoveryData, matched by reconcileAdjustment, used in compensation rollback) (2.05277ms)
✔ T18-A: Project Completion with TransactionalChildHandler (routed through session.runChildStep, durable intent/receipt, compensator calls handler.compensate) (1.553058ms)
✔ T18-B: Downtime Resolution with TransactionalChildHandler (routed through session.runChildStep, intent/receipt persisted, compensator calls handler.compensate) (3.388011ms)
✔ T18-C: Custom step without reconcile/compensate in recovery (fails closed with DM_RECOVERY_HANDLER_CONTRACT_INSUFFICIENT, remains needs-recovery, no blind compensation) (0.453232ms)
✔ T19: commitAdjust with ledger-confirmed persistence failure (fails closed without swallowing error, retry reconciles and confirms ledger receipt) (0.568256ms)
✔ T20-A: Standalone provider compensation crash-idempotency (provider compensation crash -> recovery runs again -> compensation executed once, net 0) (0.869049ms)
✔ T20-B: G5 child provider operation times out with outcome unknown (single recovery owner, returns net 0) (1.843175ms)
✔ T20-C: Inverted / concurrent recovery order idempotency (outer recovery and inner recovery run -> idempotent, net 0) (0.642577ms)
✔ T21-A: provider-only (Caso A) -> recovery reconstructs original ledger + compensates provider and ledger -> net 0, faithful history (2 ledger entries) (1.091994ms)
✔ T21-B: ledger-only (Caso B) -> recovery compensa apenas ledger -> net 0 no ledger, provider não mutado (0.772493ms)
✔ T21-C: fully-applied -> recovery reverte ambos exatamente uma vez (1.235469ms)
✔ T21-D: neither -> recovery é no-op (0.297738ms)
✔ T21-E: provider unknown -> recovery falha fechado, transaction permanece needs-recovery com fence (0.247533ms)
✔ T21-F: provider flush falha no commitAdjust -> classificado imediatamente como unknown -> parent vai para needs-recovery com fence, nunca failed direto (1.641546ms)
✔ T22-A: Facility Maintenance: executing + effect aplicado -> recovery detecta debit, compensa e restaura saldo exatamente 1 vez (1.356362ms)
✔ T22-B: Facility Repair: executing + effect NÃO aplicado -> reconcile = not-applied, nenhum refund fantasma (0.695187ms)
✔ T22-C: Facility Maintenance: executing + provider-backed resource effect aplicado -> recovery com T21 (11.196971ms)
✔ G5-LOCKSET-A1: Project Start command lock keys match canonical domain-only lock set (3.89945ms)
✔ G5-LOCKSET-A2: Project Advance command lock keys match canonical domain + project lock set (0.680865ms)
✔ G5-LOCKSET-A3: Project Cancel command lock keys match canonical domain + project lock set (0.7905ms)
✔ G5-LOCKSET-A4: Project Completion command lock keys match canonical domain + project lock set (0.587214ms)
✔ G5-LOCKSET-A5: Downtime Start command lock keys match canonical domain-only lock set (1.040887ms)
✔ G5-LOCKSET-A6: Downtime Resolution command lock keys use 'downtime:' and strictly ban 'activity:' (1.816535ms)
✔ G5-LOCKSET-A7: Facility Maintenance command lock keys match canonical domain + facility lock set (0.941258ms)
✔ G5-LOCKSET-A8: Facility Repair command lock keys match canonical domain + facility lock set (0.574044ms)
✔ G5-LOCKSET-ASSERTION: assertNoForbiddenLockKeys rejects 'activity:' namespace and malformed keys (0.300613ms)
✔ G5-LOCKSET-EQUALITY: assertSameCanonicalLockSet detects missing and extra keys (0.349686ms)
✔ G5-FENCE-D1: Runtime fence blocks overlapping mutation immediately with DM_RECOVERY_SCOPE_BLOCKED (3.869266ms)
✔ G5-FENCE-E1: scanOnStartup installs fence and acquires lock for unsafe transaction (1.394289ms)
✔ G5-FENCE-E2: scanOnStartup installs fence even when physical lock is temporarily occupied (52.046923ms)
✔ G5-FENCE-E3: scanOnStartup + recoverAll auto-recovers safe transaction with fence and physical lock (2.751723ms)
✔ G5-FENCE-I1: MutationCoordinator isolation failure keeps fence active and flags diagnostics (1.084322ms)
✔ review G5: seven tenths of a progressive cost of ninety debits exactly sixty-three (24.675907ms)
✔ G5-REVAL-001 & G5-REVAL-012: Services normalize canonical JournalEntry.<id> against strict non-tolerant store (2.423869ms)
✔ G5-REVAL-002: Viewer spoofing is overridden fail-closed; secret entities remain hidden from unauthorized callers (1.017943ms)
✔ G5-REVAL-003 & G5-REVAL-011: Project workforce insufficiency rejects start; upfront debits, reservations and cancellations execute (7.832781ms)
✔ G5-REVAL-004: G5 commands execute with transactional coordinator locks; bus without coordinator fails closed (2.369747ms)
✔ G5-REVAL-005: Project completion creates real facility and real economy rewards producing ChildReceipts (9.371919ms)
✔ G5-REVAL-006: Side effect failure records partialFailure and transitions transaction to needs-recovery (4.1721ms)
✔ G5-REVAL-007 & G5-REVAL-008: Downtime enforces participant invariants and executes real outcomes upon completion (5.784938ms)
✔ G5-REVAL-009 & G5-REVAL-010: Facility maintenance debits resources; damage preserves append-only history (4.224991ms)
✔ G5-REVAL-011: Transaction records preserve real commandId and authorityEpoch !== 1 without fabricating identifiers (3.70696ms)
✔ G5-REVAL2-001: Nested lock between MutationCoordinator and EconomyService reentrantly succeeds through CommandBus (4.674106ms)
✔ G5-REVAL2-002: Project cancellation releases reservations in ReservationStore via CommandBus (7.125918ms)
✔ G5-REVAL2-003 & G5-REVAL2-004: Cumulative progressive cost tracking debits exact fractions without loss; fails closed on insufficient balance (10.441389ms)
✔ G5-REVAL2-005 & G5-REVAL2-006: TransactionRecord receives authorityEpoch !== 1 from CommandBus and transitions to needs-recovery on partial failure (2.806305ms)
✔ G5-REVAL2-007 & G5-REVAL2-008: Downtime validates disabled capability, missing facility, busy participant, and non-economy outcome fails closed (4.251971ms)
✔ G5-REVAL2-009: Workforce reservation in DomainPeopleData is allocated on project start and released on cancel/complete (3.125155ms)
✔ G5-REVAL3-001 & 002 (Fault 1): Project start rolls back reservations and workforce when domain save fails (0.807105ms)
✔ G5-REVAL3-002 & 004 (Fault 2): Project completion transitions to needs-recovery when child facility creation fails (3.548171ms)
✔ G5-REVAL3-002 & 004 (Fault 3): Project completion transitions to needs-recovery when domain save fails after child effects (5.478417ms)
✔ G5-REVAL3-004 (Fault 4): RecoveryService.recoverTransaction idempotently recovers projects:completion transaction (2.49144ms)
✔ G5-REVAL3-003 (Fault 5): Project cancel fails closed when economy reservation release fails (3.351495ms)
✔ G5-REVAL3-003 (Fault 6): Project cancel fails closed when workforce release fails (1.731126ms)
✔ G5-REVAL3-002 (Fault 7): Facility maintenance refunds debited costs when domain save fails (0.945133ms)
✔ G5-REVAL3-002 (Fault 8): Facility repair refunds debited costs when domain save fails (2.069426ms)
✔ G5-REVAL3-002 (Fault 9): Downtime start refunds debited upfront costs when domain save fails (0.647635ms)
✔ G5-REVAL3-005 (Fault 10): Downtime completion with failed mandatory outcome fails closed and does not complete (1.218685ms)
✔ G5-REVAL3-006 (Fault 11): facilities:apply-damage rejects non-GM Domain Controller with DM_SECURITY_PERMISSION_DENIED (1.864747ms)
✔ G5-REVAL4-001 (Fault 1): Downtime start transitions canonical lifecycle prepared -> committing -> committed (2.49107ms)
✔ G5-REVAL4-001 (Fault 2): Downtime resolution transitions canonical lifecycle prepared -> committing -> committed (3.160528ms)
✔ G5-REVAL4-002 (Fault 3): Flush failure immediately after prepared aborts without child writes (1.024642ms)
✔ G5-REVAL4-003 (Fault 4): Failed compensation transitions transaction to needs-recovery (3.888344ms)
✔ G5-REVAL4-004 (Fault 5): Recovery execution with recovery_<txId> lockOwner avoids self-deadlock (2.350568ms)
✔ G5-REVAL4-005 (Fault 6): Partial failure during recovery compensation preserves needs-recovery state (0.663499ms)
✔ G5-REVAL4-006 (Fault 7): Project completion recovery restores consumed economic reservations and released workforce (9.145377ms)
✔ G5-REVAL4-007 (Fault 8): Project advance atomic plan refunds progressive costs on save failure (2.29161ms)
✔ G5-REVAL4-008 (Fault 9): Project cancel atomic plan restores reservations and workforce on save failure (4.166041ms)
✔ G5-REVAL4-009 & G5-REVAL4-010 (Fault 10): Downtime auto-complete forwards execution context; Facilities maintenance & repair write transactions with recovery (7.245488ms)
✔ G5-REVAL4-008 Scenario A: Project cancel fails at People stage (Economy released, People fails -> Economy restored) (5.28065ms)
✔ G5-REVAL4-009 Scenario B: Downtime advance auto-completes with economic outcome dispatched via CommandBus (4.289858ms)
✔ G5-REVAL4-010 Scenario C: Facility repair crash after debit recovers cleanly via recoverAll(1) (2.472282ms)
✔ G5-REVAL4-004 & G5-REVAL4-006 Scenario D: Project start crash after upfront debit recovers cleanly via recoverAll(1) (2.033021ms)
✔ G5-REVAL4-001 & G5-REVAL4-004 Scenario E: Downtime start crash after upfront debit recovers cleanly via recoverAll(1) (1.450644ms)
✔ G5-REVAL5-009 Scenario 1: recoveryData flush fails after child write (compensates & returns storage error) (0.727565ms)
✔ G5-REVAL5-009 Scenario 2: Crash after parent Domain save and before durable committed reconciles to committed without re-mutating (7.145728ms)
✔ G5-REVAL5-009 Scenario 3: Final committed flush fails (returns DM_TRANSACTION_COMMIT_UNCONFIRMED & marks needs-recovery) (1.728041ms)
✔ G5-REVAL5-009 Scenario 4: Project Cancel crash after release with snapshots persisted before release (restores reservations/workforce cleanly) (3.100498ms)
✔ G5-REVAL5-009 Scenario 5: Second attempt of recovery after partial compensation success (idempotent, skips already completed step) (1.692679ms)
✔ G5-REVAL5-009 Scenario 6: Multiple onCompletion costs where second fails (refunds first debit cleanly) (3.703796ms)
✔ G5-REVAL5-009 Scenario 7: Workforce release fails during Project Completion (fail-closed, blocks completion) (3.220809ms)
✔ G5-REVAL5-009 Scenario 8: safeAutoRecovery=false remains in needs-recovery on startup recoverAll() while holding recovery lock (0.43203ms)
✔ G5-REVAL5-009 Scenario 9: Facility save already applied + transaction still committing reconciles to committed (2.604361ms)
✔ G5-REVAL5-AUDIT Scenario 10: Project completion flush failure after facility creation fails closed, compensates, and updates recoveryData (1.752708ms)
✔ G5-REVAL5-AUDIT Scenario 11: Project completion flush failure after resource credit fails closed, compensates, and updates recoveryData (1.889485ms)
✔ G5-REVAL5-AUDIT Scenario 12: RecoveryService scanOnStartup flushes transitioned committing records to disk (0.490298ms)
✔ G5-REVAL5-AUDIT Scenario 13: recoverTransaction fails closed and transitions back to needs-recovery if compensated flush fails (0.403518ms)
✔ G5-REVAL5-AUDIT Scenario 14: Compensator parent state reconciliation fails closed on domain read error (0.546382ms)
✔ G5-REVAL5-AUDIT Scenario 15: Facility snapshot restoration fails closed on domain read error without marking step completed (0.436167ms)
✔ G5-REVAL5-AUDIT Scenario 16: Interrupted compensation from crash transitions on startup to needs-recovery and recovers idempotently (0.986115ms)
✔ G5-REVAL5-AUDIT Scenario 17: Abandoned claimed/planned transactions transition to failed on startup scan (0.534254ms)
✔ G5-REVAL5-AUDIT Scenario 18: Downtime start parent state reconciliation rejects false match on definitionId when activityId differs (1.093777ms)
✔ G5-REVAL6-005 Scenario 19: Immediate compensation step A reverts, step B fails -> RecoveryService retry skips step A (3.907633ms)
✔ G5-REVAL6-005 Scenario 20: Compensation side effect succeeds, but markCompensationStepCompleted().flush() fails -> retry is idempotent via idempotencyKey and ledger query (1.074508ms)
✔ G5-REVAL6-005 Scenario 21: Transaction enters needs-recovery in runtime -> another mutation on same keys is blocked immediately before restart (2.697731ms)
✔ G5-REVAL6-005 Scenario 22: scanOnStartup encounters lock set [domain, entity] with one key occupied -> defers without acquiring partial locks (50.911554ms)
✔ G5-REVAL6-005 Scenario 23: recoverTransaction cannot execute with a partial lock set -> rejects with DM_RECOVERY_LOCK_FAILED (2002.767041ms)
✔ G5-REVAL6-005 Scenario 24: scanOnStartup transition flush fails -> compensation does not initiate, returns storage error, leaves locks held (1.155229ms)
✔ G5-REVAL6-005 Scenario 25: Concurrency between needs-recovery and recovery lock acquisition is prevented by zero-gap lock transfer (101.413006ms)
✔ G5.10 - Composition: composeDomainManagerRuntime wires projects, facilities, and downtime into runtime and registers commands (10.706779ms)
✔ G5.10 - Authority & Security: GM and Domain Controller permissions, unauthorized rejection, and fail-closed checks (25.705216ms)
✔ G5.10 - Vertical Flow & Controller Integration: ApplicationV2 UI controllers mutate strictly through CommandBus without direct save (27.898894ms)
✔ G5.10 - Reload & Persistence: Subsystems retain state across runtime reload (4.289407ms)
✔ Smoke downtime: explicit null survives public command, advance, pause/resume and fresh runtime (48.679704ms)
✔ Smoke downtime: duration undefined retains default/override and final elapsed ticks (6.654649ms)
✔ Smoke downtime: duration 3 retains default/override and final elapsed ticks (3.087728ms)
✔ Smoke downtime: duration 0 retains default/override and final elapsed ticks (2.409026ms)
✔ Smoke downtime: definition default null remains indefinite when duration is omitted (1.601891ms)
✔ Smoke downtime: failed completion leaves both lifecycle and elapsed progress unchanged (5.305297ms)
✔ G5 runner uses current contracts and completes both durable recovery reloads (130.243673ms)
✔ G5-KERNEL-INV-01: Session prepare rejects forbidden namespaces and lock set divergences (1.734671ms)
✔ G5-KERNEL-INV-02: prepare persists durable record in prepared state before child writes (0.851101ms)
✔ G5-KERNEL-INV-04: runChildStep flushIntent persists intent before execution and fails closed if flush fails (0.96307ms)
✔ G5-KERNEL-INV-05: runChildStep marks step unknown and enters needs-recovery if receipt flush fails (1.137352ms)
✔ G5-KERNEL-INV-10: commitDurably flush failure returns DM_TRANSACTION_COMMIT_UNCONFIRMED and fences transaction (3.139787ms)
✔ G5-KERNEL-INV-11: failAndCompensate wraps unhandled compensator exceptions and marks needs-recovery (0.93687ms)
✔ G5-GROUP-B: MarkCompensationStepCompleted flush failure keeps transaction in needs-recovery with active fence (1.24827ms)
✔ G5-GROUP-C: Restart recovery with appliedIdempotencyKeys ensures single application across crashes (1.437614ms)
✔ G5-SECTION-17-RESTART: EconomyService.commitAdjust restart/rehydration idempotency with ledger flush failure (2.994628ms)
✔ G5-GROUP-F-1: projects:start parent reconciliation (1.127878ms)
✔ G5-GROUP-F-2: projects:advance parent reconciliation (0.637831ms)
✔ G5-GROUP-F-3: projects:cancel parent reconciliation (0.512581ms)
✔ G5-GROUP-F-4: projects:completion parent reconciliation (0.819644ms)
✔ G5-GROUP-F-5: downtime:start parent reconciliation (0.981368ms)
✔ G5-GROUP-F-6: downtime:resolution parent reconciliation (0.595247ms)
✔ G5-GROUP-F-7: facilities:maintenance parent reconciliation (2.001043ms)
✔ G5-GROUP-F-8: facilities:repair parent reconciliation (0.421745ms)
✔ G5-GROUP-G: Child intent crash points (G1 planned, G2 applied-no-receipt, G3 applied-with-receipt) (1.885007ms)
✔ G5-GROUP-H: Multi-step compensation skips already completed steps upon restart and retry (0.942859ms)
✔ G5.9 - Projects Presenter: derives integer progress, status badges, and summary counts (14.258866ms)
✔ G5.9 - Projects View: renders semantic HTML and escapes malicious input (XSS check) (0.708336ms)
✔ G5.9 - Projects Controller: start, advance, pause, resume, cancel flow (17.737864ms)
✔ G5.9 - Facilities Presenter: enforces lifecycle != readiness invariant and structural integrity classes (1.153987ms)
✔ G5.9 - Facilities View: renders dual badges and escapes malicious input (0.744ms)
✔ G5.9 - Facilities Controller: create, maintain, damage, repair flow (6.221506ms)
✔ G5.9 - Downtime Presenter: enforces Downtime != Project, participant != Foundry User, and indefinite handling (0.951593ms)
✔ G5.9 - Downtime View: renders semantic HTML and escapes malicious input (1.732668ms)
✔ G5.9 - Downtime Controller: start, advance, complete, cancel flow (5.414631ms)
✔ G5.9 - Applications instantiate and wire controllers properly (0.446191ms)
✔ Smoke regression: public People is physically read-only and reads without domain.update (9.464328ms)
✔ Smoke regression: Project A + workforce 5 through public API/CommandBus reserves and cancel releases (14.635022ms)
✔ Smoke regression: Project advance/complete releases workforce through production composition (11.630569ms)
✔ Smoke regression: fresh runtime recovers executing workforce intent after effect but before receipt (4.893767ms)
✔ Smoke regression: fresh runtime restores workforce after partial Project cancel (5.422493ms)
✔ Smoke regression: fresh runtime restores workforce after partial Project completion (9.759893ms)
✔ Smoke regression: TypeScript rejects read-only repositories and public People at workforce mutation boundaries (1964.128796ms)
✔ G6 Foundry runner: GM, Player, recovery reload and failover phases use real semantic owners (11015.896604ms)
✔ review G6: public tickets retry the same intent once and status authenticates remote callers (36.501342ms)
✔ review G6: dispute participation cannot disclose another territory's restricted claim (6.701779ms)
✔ review G6: agreement creation cannot fabricate owner execution receipts (4.699064ms)
✔ review G6: durable proposal replay remains bound to the original authenticated proposer after reload (8.429229ms)
✔ G6.9 runtime: composed owners, immutable facade and durable semantic state survive reload (6.318992ms)
✔ G6.9 runtime: authenticated remote sender cannot forge GM or inspect secrets (8.113984ms)
✔ G6.9 runtime: durable command dedupe persists after process restart (4.84958ms)
✔ G6.9 runtime: uncertain storage is fenced and recovered forward from durable intent (3.801322ms)
✔ G6.9 runtime: shared location hierarchy rejects missing/cyclic parent through semantic command (5.3078ms)
✔ G6.9 persistence: canonical journals have neutral names and deny public ownership (1.650705ms)
✔ G6.9 proposals: controller proposes, GM edits and approves atomically, original survives reload (8.59616ms)
✔ G6.9 proposals: stale approval fails closed and rejection preserves the request (7.599731ms)
✔ G6.9 UI: draft forms create each owner through authority and open a paginated escaped inspector (11.923829ms)
✔ G6.9 UI: territorial preview binds the confirmed payload and stale/edited fields require another preview (4.732585ms)
✔ G6.9 agreements: real economic owner executes once on activation, remains once after suspend/resume and restart (50.829276ms)
✔ G6.10 security: recovery journals deny observer access to secret before/after images (0.448666ms)
✔ G6.10 recovery: partial batch transfer is isolated and completed without erasing competing claims (12.545786ms)
✔ G6.10 recovery: divergent canonical state is never overwritten by automatic recovery (2.934878ms)
✔ G6.10 grants: authority applies source visibility, conditions, scope and expiry before provenance (11.557829ms)
✔ G6.10 tree and scale: indexed branches are independent and list pagination excludes secret counts (19.019421ms)
✔ G6.10 security: public territory cannot expose private parent, target or unclassified metadata (3.393479ms)
✔ G6.10 security: GM-only changes to a reviewed proposal stay on the authority (6.687497ms)
✔ G6.10 effects: economic receipt is reconciled after lost parent-save response without paying twice (22.702645ms)
✔ G6.10 effects: unavailable owner prevents activation before any canonical write (16.918338ms)
✔ G6.10 obligations: due date only reports; explicit confirmed breach may apply owner consequence once (38.508128ms)
✔ G6.10 reference guards: transfer cannot introduce a missing Domain, and embedded People parties require their owner record (2.719794ms)
✔ G6 audit: authority enforces relation uniqueness policy and independent scopes (5.919511ms)
✔ G6 audit: inherited treaty rights reach descendants without becoming global or copied truth (26.264267ms)
✔ G6 audit: restricted territory access uses all participating party types consistently (4.877132ms)
✔ G6 audit: public reputation and influence DTOs discard undeclared party metadata (3.410394ms)
✔ G3 Grant Policies: Role grantPolicy, keepGrantWhenInactive, and Group Role grant conditions (1.900211ms)
✔ G3.8 - Grants: Vacant roles do not grant capabilities (2.419132ms)
✔ G3.8 - Grants: Assigning occupant grants capability with provenance (DEC-1027, DEC-1031) (0.944252ms)
✔ G3.8 - Grants: Multi-source provenance and removal rules (DEC-1028, DEC-1030) (0.860996ms)
✔ G3 Group Roles: Scope validation, group linkage, and membership constraints (3.267899ms)
✔ G3 People Hierarchy Aggregation: Rollup of population, precision propagation, workforce summary and cycle detection (6.411932ms)
✔ opaque ID factory creates a valid prefixed ID (1.295881ms)
✔ namespace normalization is lowercase and trimmed (0.177447ms)
✔ namespace validation rejects malformed values (0.481775ms)
✔ InMemoryCommandTransport executes loopback when current user is authority (1.547679ms)
✔ InMemoryCommandTransport routes through InMemoryTransportHub to authority peer (0.318409ms)
✔ InMemoryCommandTransport fails closed if authority peer is unreachable (0.175805ms)
✔ InMemoryCommandTransport respects timeout and packet drop simulation (0.175124ms)
✔ in-memory repository reads by ID and reports presence (1.212485ms)
✔ in-memory repository lists a stable snapshot (0.201353ms)
✔ G3 Integrity: Corrupted People data fails closed without silent fallback (2.128183ms)
✔ G3 Integrity: DomainIntegrityChecker detects corrupted People capability config (0.977231ms)
✔ G3 Integrity: DomainIntegrityChecker detects dangling Notable references in roles and operational groups (2.574216ms)
✔ G3 Integrity: DomainIntegrityChecker detects dangling Group and PopulationGroup references (0.475686ms)
✔ G3 Integrity: DomainIntegrityChecker detects invalid Actor references in actor-type Notables (0.409576ms)
✔ G3 Integrity: Fully consistent domain with People data passes integrity check (0.625312ms)
✔ G4-AUD-009: LedgerStore.queryPaged supports cursor pagination and limit (1.958889ms)
✔ G4-AUD-009: LedgerStore.query sorts descending by default when direction is desc (0.25908ms)
✔ G4-AUD-009: LedgerStore handles 10,000+ entries scale test with performant paged queries (24.870164ms)
✔ G4-REVAL4-003: LedgerStore.queryPaged filters strictly by allowedResourceIds without leaking totalCount or hasMore (0.497379ms)
✔ G4-REVAL5-002: LedgerStore.queryPaged enforces domain-qualified allowedDomainResourceKeys preventing cross-domain leaks (0.558311ms)
✔ G4.4: LedgerEntry validator rejects non-zero delta and invalid ID (0.866345ms)
✔ G4.4: LedgerStore appends entries with monotonic sequence and query filtering (1.028598ms)
✔ G4.4: LedgerStore creates reversal preserving original and blocking double reversals (0.454424ms)
✔ canonicalizeLockKeys normalizes, trims, deduplicates, and sorts keys lexically (1.38192ms)
✔ LockManager prevents AB-BA deadlock by enforcing deterministic lexical order (0.962719ms)
✔ LockManager allows independent domains to acquire and run concurrently (0.19259ms)
✔ LockManager supports reentrant acquisition by the same owner (0.224758ms)
✔ LockManager times out queued requests with DM_LOCK_TIMEOUT (20.616194ms)
✔ LockManager supports cancelling queued requests via AbortSignal (0.493362ms)
✔ LockManager exposes diagnostic information on active locks and queues (0.295555ms)
✔ LockManager unblocks subsequent waiting requests immediately when front-of-queue request aborts (0.376827ms)
✔ Adversarial G2-AUD-016: LockManager unblocks subsequent waiting requests immediately when front-of-queue request times out (25.679347ms)
[test] started { correlationId: 'corr-1' }
✔ logger returns structured entries with scope-independent context (2.215305ms)
✔ logger sanitizes context before returning and writing (0.24553ms)
[Domain Manager] init 
[Domain Manager] ready {
  moduleVersion: '0.0.8',
  buildChannel: 'g6-candidate',
  target: 'foundry-vtt'
}
[Domain Manager] build diagnostics {
  moduleVersion: '0.0.8',
  buildChannel: 'g6-candidate',
  target: 'foundry-vtt'
}
[Domain Manager] runtime composed {
  domains: 'Object',
  authority: { authorityUserId: 'gm-a', authorityEpoch: 0, available: true },
  g2Diagnostics: {
    authority: {
      available: true,
      authorityUserId: 'gm-a',
      authorityEpoch: 0,
      isCurrentClientAuthority: false
    },
    transport: { name: 'foundry-socket', isAvailable: false },
    registry: { totalCommands: 73, isFrozen: true, registeredTypes: [Array] },
    locks: { activeCount: 0, waitingCount: 0, items: [] },
    queue: {
      queuedCount: 0,
      runningCount: 0,
      cancelledCount: 0,
      completedCount: 0,
      failedCount: 0,
      activeEntries: []
    },
    recovery: { unresolvedCount: 0, unresolvedTransactions: [] },
    abuse: { totalIncidents: 0, records: [] },
    collectedAtReal: 1790778088198
  }
}
✔ main registers authority settings at init, resolves at ready, and recalculates on userConnected (18.235711ms)
✔ Adversarial: module.json manifest must declare socket: true and verified compatibility for Foundry v13 (0.776228ms)
✔ G4.3: assertSafeInteger checks Number.isSafeInteger boundary and rejects overflow (0.803369ms)
✔ G4.3: minorToMajor and majorToMinor roundtrip without binary floating-point drift (0.227473ms)
✔ G4.3: addMinorUnits and subtractMinorUnits maintain safe integer arithmetic (0.155775ms)
✔ G4.3: formatResourceAmount formats localized numbers with units (13.037006ms)
✔ G4.3: parseResourceAmount parses standard and localized inputs into integer minor units (0.430648ms)
✔ Multiplayer Cluster: Preferred GM handles remote player command execution and returns receipt (5.26814ms)
✔ Multiplayer Cluster: Failover to fallback GM when preferred GM disconnects, routing subsequent commands seamlessly (1.106215ms)
✔ Multiplayer Cluster: Simultaneous identical commands share in-flight execution and deduplicate safely (21.071649ms)
✔ Multiplayer Cluster: Reused commandId with conflicting payload is rejected with DM_COMMAND_ID_REUSE_MISMATCH (0.686473ms)
✔ Multiplayer Cluster: Player cannot spoof sender identity in command payload (DM_SECURITY_SENDER_SPOOFED) (0.483428ms)
✔ Multiplayer Cluster: Remote call of internal-only command is rejected even from GM (DM_SECURITY_INTERNAL_ONLY_COMMAND) (0.282885ms)
✔ Multiplayer Cluster: Unknown command returns structured DM_COMMAND_HANDLER_NOT_FOUND (0.241694ms)
✔ Multiplayer Cluster: Inverted multi-key lock acquisition across concurrent clients is deadlock-free (21.746126ms)
✔ Multiplayer Cluster: Revision conflict between plan preview and confirm rejects with DM_REVISION_CONFLICT (1.188629ms)
✔ Multiplayer Cluster: Provider commit write failure triggers compensation, and compensation failure returns DM_COMPENSATION_FAILED (0.99613ms)
✔ Multiplayer Cluster: Crash during commit leaves transaction in committing; new GM scans on startup, transitions to needs-recovery, and isolates keys (1.132595ms)
✔ Multiplayer Cluster: Scale benchmark - 5000 commands checked in dedupe store without memory exhaustion (131.233753ms)
✔ Multiplayer Cluster: Scale benchmark - high concurrency independent domain transactions execute in parallel (5.647692ms)
✔ Adversarial: MutationCoordinator fails closed when expectedRevisions targets a missing entity (1.533508ms)
✔ Adversarial: MutationCoordinator fails closed when expectedRevision is set but freshState has no revision (0.235705ms)
✔ Adversarial: MutationCoordinator handles unexpected exceptions in commit gracefully and triggers compensation (0.629718ms)
✔ G2-AUD-012: MutationCoordinator does NOT automatically compensate when commit outcome is unknown (0.35894ms)
✔ MutationCoordinator acquires locks BEFORE executing fresh read (5.512398ms)
✔ MutationCoordinator rejects stale expectedRevision with DM_REVISION_CONFLICT (0.315435ms)
✔ MutationCoordinator blocks commit when plan has blockers (0.381855ms)
✔ MutationCoordinator invokes compensation and reports DM_COMPENSATION_FAILED if compensation fails (0.356166ms)
✔ G3.3 - Notables: Create inline and actor-linked notables with stable IDs (8.348628ms)
✔ G3.3 - Notables: Anti-duplicate Actor check within the same domain (1.147357ms)
✔ G3.3 - Notables: Notable ID survives missing Actor (broken ref resilience) (1.954593ms)
✔ G3.3 - Notables: Convert inline notable to actor-linked via update (1.78664ms)
✔ G3.3 - Notables: Secret notable visibility sanitization for non-GM viewers (1.254458ms)
✔ G3.3 - Notables: Non-GM remote command execution is rejected (0.459662ms)
✔ G3.3 - Notables: Delete notable removes record (1.476182ms)
✔ G3.5 - OperationalGroup: Abstract membership mode enforces size without roster (8.913528ms)
✔ G3.5 - OperationalGroup: Partial membership mode allows subset roster up to size (4.135701ms)
✔ G3.5 - OperationalGroup: Explicit membership mode derives size automatically from members (3.913251ms)
✔ G3.5 - OperationalGroup: Referential integrity with notables and population groups (0.975138ms)
✔ G3.5 - OperationalGroup: Secret group visibility filtering for non-GM viewers (1.298425ms)
✔ G3.5 - OperationalGroup: Lifecycle updates and deletion (2.785007ms)
✔ G3 Composition: People Subsystem commands registered and runtime.people facade exposed (7.272377ms)
✔ G3.9 - People UI: Presenter builds sanitized view model according to viewer role (16.903346ms)
✔ G3.9 - People UI: View renders semantic HTML (0.747275ms)
✔ createMutationPlan enforces immutability and executable status based on blockers (1.571916ms)
✔ isPlanMateriallyChanged detects drift between preview and confirm plans (0.356146ms)
✔ createMutationReceipt creates immutable receipts and sanitizes for public view (0.467975ms)
✔ G3.2 - Population Commands: people:set-population updates population state transactionally (7.501402ms)
✔ G3.2 - Population Commands: Non-GM cannot modify population or create groups (0.627995ms)
✔ G3.2 - Population Group Lifecycle: create, update, and delete groups transactionally (4.81548ms)
✔ G3.1 - Population State: Validation of valid states (0.899834ms)
✔ G3.1 - Population State: Null total forces unknown precision (0.150727ms)
✔ G3.1 - Population State: Invalid state inputs fail validation (0.180532ms)
✔ G3.1 - Population Calculator: Manual mode returns declared total ignoring groups (0.661106ms)
✔ G3.1 - Population Calculator: sumGroups mode sums included groups (0.190747ms)
✔ G3.1 - Population Calculator: sumGroups with no groups returns 0 exact (0.108503ms)
✔ G3.1 - Population Calculator: sumGroups propagates unknown / estimated when groups have null count (0.216756ms)
✔ G3.1 - Population Calculator: hybrid mode warns when groups exceed total without failing (0.193602ms)
✔ G3.1 - Population Group Validation: Strict field validation and notes character limit (0.703989ms)
✔ preferred active GM wins even when another GM sorts first (0.999314ms)
✔ offline preferred GM falls back to the lexically-smallest active GM id (0.136746ms)
✔ preferred player is never elected and falls back to an active GM (0.115274ms)
✔ fallback result is independent from incidental collection order (0.181293ms)
✔ players and inactive GMs do not participate in fallback election (0.136696ms)
✔ no active GM produces no authority (0.101713ms)
✔ blank user ids are ignored defensively (0.125299ms)
✔ duplicate eligible projections do not change the deterministic result (0.18622ms)
✔ preferred id must match exactly and is not trimmed or rewritten (0.202365ms)
✔ first resolve seeds authority without fabricating a new epoch (1.859048ms)
✔ reordering users does not increment epoch or emit change (0.241895ms)
✔ effective failover increments epoch exactly once (0.217708ms)
✔ preferred GM returning causes a single effective authority change (0.161994ms)
✔ irrelevant preferred-user changes do not cause epoch churn (0.161293ms)
✔ temporary absence retains last authority identity and epoch while reporting unavailable (0.17905ms)
✔ same authority returning after a no-GM gap does not advance epoch (0.149966ms)
✔ different authority after a no-GM gap advances epoch exactly once (0.134392ms)
✔ first actual authority after an initially empty world stays at epoch zero (0.14623ms)
✔ isCurrentUser only matches an available resolved authority (0.209805ms)
✔ onChanged fires only for effective executor identity changes and unsubscribe is idempotent (0.206692ms)
✔ rehydrated matching authority preserves epoch on first resolve (0.224738ms)
✔ rehydrated stale authority increments epoch when resolution changes (0.164438ms)
✔ snapshotState is immutable metadata suitable for persistence adapters (0.229616ms)
✔ invalid initial states are rejected instead of silently normalized (0.580414ms)
✔ epoch overflow fails closed rather than losing integer precision (0.262345ms)
✔ synchronizeState advances to a newer persisted state atomically (0.188093ms)
✔ synchronizeState ignores stale state and rejects same-epoch identity conflicts (0.15952ms)
✔ G5.2: ProjectEntry validation accepts valid entries (1.751136ms)
✔ G5.2: ProjectEntry validation rejects invalid fields and malformed payloads (0.229255ms)
✔ G5.2: applyProjectEntry executes pure state transition and appends entry (0.262184ms)
✔ G5.2: applyProjectEntry enforces clamping at goal by default (DEC-090) (0.218409ms)
✔ G5.2: applyProjectEntry detects stale state, out-of-order sequences, and mismatched IDs (0.254893ms)
✔ G5.2: Reversal logic prevents double reversals and invalid deltas (DEC-088, Anexo 07 §2.3) (0.250437ms)
✔ G5.2: StandardProgressResolver resolves pure progress without mutating project (0.486212ms)
✔ G5.2: ProgressResolverRegistry registers, catalogs, and freezes resolvers (0.414404ms)
✔ G5.4: evaluateProjectAdvancePlan produces a satisfied plan for active project with valid delta (1.777746ms)
✔ G5.4: commitProjectAdvance increments progress, updates revision, appends ProjectEntry, and returns ProjectReceipt (0.526772ms)
✔ G5.4: commitProjectAdvance with autoComplete: true transitions to completed when goal is reached (0.33898ms)
✔ G5.4: commitProjectAdvance without autoComplete leaves lifecycle active even when workCompleted reaches goal (DEC-089) (0.23298ms)
✔ G5.4: Progress setback (negative delta) decreases progress and clamps at 0 per DEC-088 (0.191528ms)
✔ G5.4: evaluateProjectAdvancePlan detects lifecycle blockers (paused, blocked, terminal, inactive) (0.305159ms)
✔ G5.4: Optimistic concurrency mismatch rejects evaluation and commit (0.315916ms)
✔ G5.4: evaluateProjectAdvancePlan with ProgressResolver computes delta without mutating state (0.28564ms)
✔ G5.4: blockProject and unblockProject handle lifecycle transitions and audit entries (0.700034ms)
✔ G5.4: pauseProject and resumeProject handle lifecycle transitions and audit entries (0.39166ms)
✔ G5.4: cancelProject cancels non-terminal projects and rejects cancellation of completed projects (0.307763ms)
✔ G5.4: Batch advance handles atomic and best-effort modes correctly (0.395405ms)
✔ G5.5: evaluateProjectCompletionPlan produces satisfied plan for active project with completed goal (1.707661ms)
✔ G5.5: evaluateProjectCompletionPlan blocks completion if work is incomplete (DEC-086, DEC-089) (0.267192ms)
✔ G5.5: evaluateProjectCompletionPlan blocks completion on invalid lifecycle states (0.434073ms)
✔ G5.5: evaluateProjectCompletionPlan evaluates category 'completion' requirements (0.256677ms)
✔ G5.5: commitProjectCompletion transitions project to completed, sets completedAt, and generates ProjectReceipt (0.662277ms)
✔ G5.5: commitProjectCompletion executes coordinated side effect handlers (DEC-096: Facility creation) (0.276607ms)
✔ G5.5: commitProjectCompletion records explicit partial failure when a side effect fails (Master Spec §15.4) (0.31887ms)
✔ G5.5: commitProjectCompletion rejects execution if plan is blocked or revision has changed (0.18638ms)
✔ G5.1: ProjectDefinition validates canonical definitions (1.409311ms)
✔ G5.1: ProjectDefinition validation accepts full valid definition (0.348365ms)
✔ G5.1: ProjectDefinition rejects invalid IDs and malformed input (0.393342ms)
✔ G5.1: ProjectInstance validation accepts valid instance (0.854877ms)
✔ G5.1: ProjectInstance validates custom definition (DEC-085) (0.316447ms)
✔ G5.1: ProjectInstance rejects invalid fields and malformed states (0.168784ms)
✔ G5.1: calculateProjectProgress computes integer percentages and clamps (DEC-086, DEC-087, DEC-090) (0.372701ms)
✔ G5.1: validateProjectLifecycleTransition enforces valid state machine transitions (Master §15.4) (0.245489ms)
✔ G5.1: ProjectDefinitionRegistry registers, catalogs, and freezes definitions (0.696488ms)
✔ G5.1: createDefaultProjectRegistry provides all canonical templates (0.341304ms)
✔ G5.1: DomainProjectsData validation, duplicate detection, and DomainRecord roundtrip (0.513463ms)
✔ G5.1: CapabilityRegistry validates domain-manager:projects configuration (0.384159ms)
✔ G5.3: evaluateProjectStartPlan produces clean satisfied plan on happy path (2.04605ms)
✔ G5.3: commitProjectStartPlan commits satisfied plan and transitions to active (0.397428ms)
✔ G5.3: evaluateProjectStartPlan detects missing domain capability blocker (0.30502ms)
✔ G5.3: evaluateProjectStartPlan detects insufficient economic funds blocker (0.23936ms)
✔ G5.3: evaluateProjectStartPlan detects unsatisfied start requirements (0.307633ms)
✔ G5.3: evaluateProjectStartPlan detects invalid lifecycle transitions (0.275454ms)
✔ G5.3: Optimistic concurrency revision check blocks stale commits (0.190927ms)
✔ G5.3: Workforce intent evaluates required contributors and reports insufficiency (0.217077ms)
✔ G5.3: Supports technical intermediate lifecycle 'initializing' (Master §15.5) (0.326622ms)
✔ G3 Projection Security: Non-GM projection prevents data leaks across all derived values (3.445096ms)
✔ G4-AUD-006: ManualCurrencyProvider provides synchronous fallback and state mutation (1.130402ms)
✔ G4-AUD-006: Fail-closed semantics block debit on stale or unavailable provider balance (0.203286ms)
✔ G4-AUD-006: NativeResourceProvider integrates with DomainRepository (1.240046ms)
✔ G4.8: ProviderRegistry registers providers, rejects invalid IDs, duplicates, and freezes (1.302671ms)
✔ G4.8: assertProviderHealthy enforces fail-closed semantics for unavailable providers (0.327463ms)
✔ G4.8: assertDebitAllowedOnProviderBalance forbids debits on stale cached balances (0.151318ms)
✔ G4.8: InventoryProvider contract returns items list (0.200692ms)
✔ G4-REVAL3-004: ManualCurrencyProvider persists balances and survives rehydration across instances (0.841938ms)
✔ G4-REVAL3-004: Provider write creates TransactionRecord and recovery compensator reverts provider mutation if ledger fails (8.148637ms)
✔ G4-REVAL4-001: commitAdjust transitions to needs-recovery when provider write outcome is unknown (2.095174ms)
✔ G4-REVAL4-001: Pre-reconciliation avoids spurious reverse compensation if provider was not-written (0.530499ms)
✔ G4-REVAL4-001: Stale debit check prevents overdraft when provider balance is insufficient (1.173086ms)
✔ G4-REVAL4-001: Stale cache strictly forbids debits (DEC-16806) (1.208389ms)
✔ G4-REVAL5-001: ManualCurrencyProvider persists operations history across restart for restart-safe reconcile() (0.270297ms)
✔ G4-REVAL5-001: EconomyService handles mutateBalance outcome 'unknown' and 'failed-before-write' correctly (1.099054ms)
✔ G4-REVAL5-001: commitAdjust debit fails closed when readBalance fails (0.936359ms)
✔ G4-REVAL6-001: Provider restart/reconciliation handles flush failure and resolves divergence (1.806169ms)
✔ G4-AUD-004: Public module API isolates internal stores and protects against bypass (8.699907ms)
✔ G4-REVAL4-003: PublicEconomyApi.queryLedger hides secret resources from totalCount and entries for non-GM viewers (3.718778ms)
✔ G4-REVAL4-004: PublicEconomyApi transaction inspection (getTransaction and listTransactions) enforces access control (2.21901ms)
✔ G4-REVAL5-003: PublicEconomyApi and EconomyPresenter sanitize transactions for non-GM viewers (secret resources, cross-domain locks, failure reasons) (21.42332ms)
✔ RateLimiter enforces sliding window limits and respects command-specific rules (1.042941ms)
✔ CommandBus executes schemaValidator before permissionValidator and handler (2.972275ms)
✔ CommandBus blocks execution when permissionValidator denies access (0.586032ms)
✔ CommandBus enforces rate limiting across multiple requests from the same user (0.661827ms)
✔ registry stores and retrieves entries (1.343111ms)
✔ registry rejects duplicate IDs (0.371019ms)
✔ registry freeze blocks further writes (0.174753ms)
✔ G6.2: incident clamps base and records the actual applied delta; inputs remain unchanged (4.582117ms)
✔ G6.2: reversal must be exact, cannot reverse a reversal or silently clamp after later change (1.484625ms)
✔ G6.2: secret modifiers are filtered before public score calculation (1.081327ms)
✔ G6.2: real-time and world-tick expiry remove effects without deleting history (1.746889ms)
✔ G6.2: explicit add stacking is deterministic (0.574555ms)
✔ G6.2: explicit replace stacking is deterministic (0.493122ms)
✔ G6.2: explicit strongest stacking is deterministic (0.417008ms)
✔ G6.2: ended modifiers and ended relations retain their full history and base (0.909118ms)
✔ G6.2: stale revision, duplicate event, bad refs/direction/timestamps and JSON corruption fail closed (0.850691ms)
✔ G6.2: large modifier sums use exact arithmetic and clamp without overflow (103.43693ms)
✔ G6.1: symmetric relation validates without Domain owner and round-trips JSON (3.120457ms)
✔ G6.1: asymmetric multiparty scores keep independent directions and scopes (0.463287ms)
✔ G6.1: accepts domain party reference (0.157296ms)
✔ G6.1: accepts actor party reference (1.112735ms)
✔ G6.1: accepts populationGroup party reference (0.136025ms)
✔ G6.1: accepts operationalGroup party reference (0.102685ms)
✔ G6.1: accepts notable party reference (0.150026ms)
✔ G6.1: accepts narrative party reference (0.102815ms)
✔ G6.1: accepts test:integration party reference (0.167272ms)
✔ G6.1: rejects invalid party {"type":"user","uuid":"User.player"} (0.468906ms)
✔ G6.1: rejects invalid party {"type":"actor","uuid":"JournalEntry.alpha"} (0.133952ms)
✔ G6.1: rejects invalid party {"type":"domain","id":"alpha"} (0.070566ms)
✔ G6.1: rejects invalid party {"type":"notable","id":"not_one"} (0.040802ms)
✔ G6.1: rejects invalid party {"type":"populationGroup","uuid":"Actor.alpha","domainUuid":"JournalEntry.alpha"} (0.085589ms)
✔ G6.1: rejects invalid party {"type":"operationalGroup","id":"opg_one","domainUuid":"Actor.alpha"} (0.048743ms)
✔ G6.1: rejects invalid party {"type":"narrative","id":"story","uuid":"JournalEntry.alpha"} (0.040831ms)
✔ G6.1: rejects invalid party {"type":"test:integration","uuid":"User.player"} (0.04005ms)
✔ G6.1: rejects invalid party {"type":"narrative","id":" "} (0.034151ms)
✔ G6.1: rejects malformed definition id {"id":"unscoped"} (0.077466ms)
✔ G6.1: rejects malformed definition version {"version":0} (0.049064ms)
✔ G6.1: rejects malformed definition version {"version":1.5} (0.035914ms)
✔ G6.1: rejects malformed definition minParties {"minParties":1} (0.036485ms)
✔ G6.1: rejects malformed definition maxParties {"maxParties":1} (0.035453ms)
✔ G6.1: rejects malformed definition allowedPartyTypes {"allowedPartyTypes":["user"]} (0.033951ms)
✔ G6.1: rejects malformed definition allowedPartyRoles {"allowedPartyRoles":["partner","partner"]} (0.063255ms)
✔ G6.1: rejects malformed definition allowMultiple {"allowMultiple":"yes"} (0.047341ms)
✔ G6.1: rejects malformed definition symmetry {"symmetry":{}} (0.032659ms)
✔ G6.1: rejects malformed definition stancePolicy {"stancePolicy":"automatic"} (0.064257ms)
✔ G6.1: rejects malformed definition axes {"axes":[{"id":"test:trust","label":"Trust","minimum":5,"maximum":3,"defaultValue":4}]} (0.062173ms)
✔ G6.1: rejects malformed definition axes {"axes":[{"id":"test:trust","label":"Trust","minimum":0,"maximum":10,"defaultValue":11}]} (0.048463ms)
✔ G6.1: rejects malformed definition axes {"axes":[{"id":"test:trust","label":"Trust","minimum":-100,"maximum":100,"defaultValue":0},{"id":"test:trust","label":"Trust","minimum":-100,"maximum":100,"defaultValue":0}]} (0.089224ms)
✔ G6.1: rejects malformed instance schemaVersion {"schemaVersion":2} (0.287282ms)
✔ G6.1: rejects malformed instance id {"id":"rel_guess"} (0.089014ms)
✔ G6.1: rejects malformed instance definitionVersion {"definitionVersion":2} (0.087902ms)
✔ G6.1: rejects malformed instance definitionId {"definitionId":"test:unknown"} (0.09916ms)
✔ G6.1: rejects malformed instance revision {"revision":-1} (0.102904ms)
✔ G6.1: rejects malformed instance revision {"revision":1.5} (0.113491ms)
✔ G6.1: rejects malformed instance lifecycle {"lifecycle":"terminated"} (0.052569ms)
✔ G6.1: rejects malformed instance endedAt {"endedAt":100} (0.048583ms)
✔ G6.1: rejects malformed instance updatedAt {"updatedAt":99} (0.044667ms)
✔ G6.1: rejects malformed instance createdAt {"createdAt":null} (0.082985ms)
✔ G6.1: rejects malformed instance visibility {"visibility":"private"} (0.13973ms)
✔ G6.1: rejects malformed instance visibility {"visibility":["public"]} (0.221003ms)
✔ G6.1: rejects malformed instance stance {"stance":"Neutral"} (0.124117ms)
✔ G6.1: rejects malformed instance parties {"parties":[{"id":"a","role":"partner","ref":{"type":"domain","uuid":"JournalEntry.alpha"}}]} (0.140913ms)
✔ G6.1: rejects malformed instance scope {"scope":{"type":"territory","id":"a","uuid":"JournalEntry.a"}} (0.058028ms)
✔ G6.1: rejects malformed instance baseAxes {"baseAxes":[{"axisId":"test:trust","value":100.5,"fromPartyId":null,"toPartyId":null}]} (0.053441ms)
✔ G6.1: rejects malformed instance baseAxes {"baseAxes":[{"axisId":"test:trust","value":9007199254740992,"fromPartyId":null,"toPartyId":null}]} (0.047391ms)
✔ G6.1: rejects malformed instance baseAxes {"baseAxes":[{"axisId":"test:missing","value":0,"fromPartyId":null,"toPartyId":null}]} (0.057607ms)
✔ G6.1: rejects malformed instance baseAxes {"baseAxes":[{"axisId":"test:trust","value":-101,"fromPartyId":null,"toPartyId":null}]} (0.050807ms)
✔ G6.1: rejects malformed instance baseAxes {"baseAxes":[{"axisId":"test:trust","value":0,"fromPartyId":"a","toPartyId":"b"}]} (0.045959ms)
✔ G6.1: rejects malformed instance baseAxes {"baseAxes":[{"axisId":"test:trust","value":20,"fromPartyId":null,"toPartyId":null},{"axisId":"test:trust","value":20,"fromPartyId":null,"toPartyId":null}]} (1.153787ms)
✔ G6.1: party IDs/entities cannot repeat; People IDs in distinct owners remain distinct (0.221844ms)
✔ G6.1: bilateral cap, roles and party types follow definition policy (0.230427ms)
✔ G6.1: unknown or incomplete records fail closed without creating defaults (0.379291ms)
✔ G6.1: asymmetry rejects missing, self or unknown direction (0.151168ms)
✔ G6.1: ended state preserves parties/axes, requires timestamp, cannot reopen silently (0.244287ms)
✔ G6.1: qualitative definitions can have no axes; derived stance is not persisted (0.124186ms)
✔ G6.1: duplicate type guard ignores party order, scope key order and definition revision (0.482686ms)
✔ G6.1: registry is versioned, isolated from input mutations, and frozen (0.451359ms)
✔ G6.1: scale fixture validates 1000 independent relations without changing inputs (20.997819ms)
✔ G6.3: track definitions are versioned, immutable and validate range/bands/decay (2.085929ms)
✔ G6.3: adjustment records actual clamped delta and reversal compensates only once (1.96635ms)
✔ G6.3: reversal cannot compensate a decay, another reversal or silently clamp (0.961047ms)
✔ G6.3: decay consumes complete periods, retains remainder and audits baseline no-ops (1.210172ms)
✔ G6.3: decay approaches baseline from below and requires explicit policy/tick (1.146986ms)
✔ G6.3: Player band view never reveals raw score/history, hidden tracks or their revision (0.761987ms)
✔ G6.3: score presentation is explicit and audience records remain independent (0.278599ms)
✔ G6.3: corrupt history, stale revision, unknown definition and invalid refs fail closed (0.494374ms)
✔ G6.3: large score deltas use exact arithmetic and reject unrepresentable applied movement (0.568345ms)
✔ G6.3: durable history supports 2000 entries and shared source refs but rejects cycles (30.296693ms)
✔ G4.5: Reservation validation enforces positive original amount and valid status (1.12928ms)
✔ G4.5: ReservationStore lifecycle: create, partial consume, full consume, over-consume rejection (1.079154ms)
✔ G4.5: ReservationStore release and expire lifecycle (0.51812ms)
✔ G4.1: Valid ResourceDefinition passes validation (1.344154ms)
✔ G4.1: Non-namespaced ID is rejected with DM_ECON_RESOURCE_INVALID_ID (0.240973ms)
✔ G4.1: Precision outside 0..4 or non-integer is rejected with DM_ECON_PRECISION_INVALID (0.192129ms)
✔ G4.1: minimumMinor > maximumMinor is rejected (0.264448ms)
✔ G4.1: negative minimumMinor when allowNegative is false is rejected (0.15303ms)
✔ G4.1: ResourceDefinitionRegistry registers, detects duplicates, lists with filters, and freezes (0.282946ms)
✔ G4.1: createDefaultResourceRegistry provides Treasury, Supplies, and Materials (0.216446ms)
✔ G2-AUD-002: Remote packet spoofing another player is rejected (player-1 declares player-2) (22.916968ms)
✔ G2-AUD-002: Remote packet claiming local Primary Authority is rejected with DM_SECURITY_SENDER_SPOOFED (20.427415ms)
✔ G2-AUD-002: Remote packet with unverified transport sender fails closed with DM_AUTH_UNAUTHENTICATED (21.156178ms)
✔ G2-AUD-002: Remote packet from disconnected user is rejected with DM_SECURITY_SENDER_UNKNOWN (21.046212ms)
✔ G2-AUD-003: Forged response packet on native channel does NOT resolve or compromise caller transport (0.560814ms)
✔ G2-AUD-004: Socketlib directed RPC routes only to Primary GM; Secondary GM receives nothing (1.337534ms)
✔ G2-AUD-014: Remote command status query & retry with same commandId returns receipt without duplicate write (2.134733ms)
✔ G2-AUD-015: CommandQueue enforces real concurrency limit & strict FIFO on slow handler (52.28363ms)
✔ G2-AUD-015: Command cancelled while waiting in queue never runs handler and unblocks next waiter immediately (62.564295ms)
✔ G2-AUD-018: CommandBus + Transport sanitizes sensitive nested tokens, passwords and secrets in results and errors (1.046466ms)
✔ G2-AUD-028: Pre-validation rate limiter blocks malformed/unknown command spam and tracks abuse in Diagnostics (0.824031ms)
✔ Ciclo 2 - G2-AUD-002: Socketlib authenticates via this.socketdata.userId; caller-passed transportSession/args are ignored (0.460643ms)
✔ Ciclo 2 - CommandQueue: Success increments completedCount, failure increments failedCount (1.198139ms)
✔ Ciclo 2 - CommandQueue: Schema, permission, and dedupe rejections leave NO queued ghosts (0.615026ms)
✔ Ciclo 2 - 10 players / domains: independent commands demonstrate real concurrency (maxActive > 1) (32.262082ms)
✔ Ciclo 2 - 10 commands on the SAME domain: serialized by LockManager (maxActive == 1) (103.405223ms)
✔ Ciclo 2 - Mixed Domains A and B: serialize within domain, run in parallel across domains (102.163638ms)
✔ Ciclo 2 - Concurrency=10: cancellation/timeout does not leave permits or locks stuck, subsequent commands acquire immediately (141.730704ms)
✔ Ciclo 2 - Handoff validator: ANTIGRAVITY_HANDOFF.md does not reference obsolete G2.2a or outdated test count (2.679809ms)
✔ G3.4 - Roles: Create role with occupants and custom label (10.381929ms)
✔ G3.4 - Roles: Assign and unassign notable to a role (5.143974ms)
✔ G3.4 - Roles: Max occupancy enforcement (DEC-1005) (2.064148ms)
✔ G3.4 - Roles: Assignment of nonexistent notable fails with DM_NOTABLE_NOT_FOUND (0.879574ms)
✔ G3.4 - Roles: Notable cannot be deleted while assigned to an active role (1.739047ms)
✔ G3.4 - Roles: Delete role removes record from domain (1.025113ms)
✔ G3.4 - Roles: Non-GM remote command execution is rejected with DM_SECURITY_PERMISSION_DENIED (0.476487ms)
✔ G3.4 - Roles: Secret role visibility filtering for non-GM viewers (0.952814ms)
✔ G3.4 - Roles: evaluateRole correctly identifies vacancy, staffing, and requirement satisfaction (0.286401ms)
✔ composition root wires injected Domain and Authority boundaries into one runtime (6.758053ms)
✔ composition root performs no persistence writes during construction (0.673383ms)
✔ G2-AUD-008: runtime.domains is a physical read-only facade without mutators (0.707405ms)
✔ Adversarial: sanitizeDiagnosticsValue converts BigInt and Symbol so JSON.stringify does not crash (1.211934ms)
✔ sanitizer redacts sensitive nested fields (1.327268ms)
✔ sanitizer preserves primitive values and arrays (0.313071ms)
✔ sanitizer represents circular references safely (0.133371ms)
✔ sanitizer serializes Date and Error instances meaningfully (0.650009ms)
✔ scale fixtures provide deterministic small, medium, and large sizes (1.242561ms)
✔ G3.10 - Scale & Acceptance: 12+ Notables, large populations, and full subsystem integrity (6.202837ms)
✔ review G2 Socketlib: receipt status authenticates its requester and rejects spoofed extra arguments (5.204555ms)
✔ Socketlib Real v1.1.3+: Player sends RPC, GM authority receives, this.socketdata.userId matches player (0.552922ms)
✔ Socketlib Real v1.1.3+: Payload trying to declare another userId does NOT alter authenticated sender (0.355545ms)
✔ Socketlib Real v1.1.3+: Direct invocation of registered handler without socket context fails closed (0.301494ms)
✔ DEC-1145: Assignment does not exceed source contribution by default even if global capacity exists (12.351754ms)
✔ DEC-1145: PopulationGroup source capacity accounts for linked operational group deductions (3.965098ms)
✔ G4 Persistence: LedgerStore survives reload via InMemoryLedgerStorageAdapter (2.412271ms)
✔ G4 Persistence: FoundryJournalLedgerStorageAdapter loads and saves to JournalEntry flags (1.060417ms)
✔ G4 Persistence: ReservationStore survives reload and retains active reservations and events (1.064753ms)
✔ G4-REVAL3-003: Persistence queue serializes concurrent writes with inverted delays and flush guarantees latest snapshot (56.796629ms)
✔ G6.6: roots and divergent physical/admin parents survive JSON roundtrip (2.118018ms)
✔ G6.6: each ancestry axis rejects cycles and dangling parents (0.490007ms)
✔ G6.6: cross-axis references are not falsely interpreted as cycles (0.188173ms)
✔ G6.6: duplicate identities and malformed scalar/reference/timestamp inputs fail closed (0.286511ms)
✔ G6.6: reparent preview is pure and reports separate descendant inheritance impacts (1.234388ms)
✔ G6.6: stale preview catches target, parent and graph topology changes (0.33247ms)
✔ G6.6: reparent cycles and missing parent are blocked before any history mutation (0.286992ms)
✔ G6.6: audited second reparent keeps both events; forged history is rejected (1.497565ms)
✔ G6.6: no-op does not increment revision or manufacture history (0.402035ms)
✔ G6.6: malformed audit contexts, reversed timestamps and repeated event IDs fail closed (0.368665ms)
✔ G6.6: long physical hierarchy validates without recursion overflow (45.954297ms)
✔ G6.8: inherited rights carry origin and beneficiary, without copies in descendants (2.260283ms)
✔ G6.8: non-inheritable rights stay local and administrative policy may differ (0.287132ms)
✔ G6.8: expires/conditions/revocation remove grants but preserve source/history (0.361123ms)
✔ G6.8: hidden parents/rights cannot contribute public capabilities; explicit access policy can block (0.192941ms)
✔ G6.8: claims inherit by policy and keep all competing sources with no winner (0.448265ms)
✔ G6.8: link resolution respects outbound/both/operational/dependency and hidden target (0.356136ms)
✔ G6.8: default CapabilityResolver merges agreement/territory provenance without persistence (4.655808ms)
✔ G6.8: agreement expiry removes only its grant; other valid owners keep same capability (1.059725ms)
✔ G6.8: scoped treaty grants never become domain-global and hidden treaty gives no public grant (1.280818ms)
✔ G6.8: missing diplomacy context keeps existing default behavior and wrong time fails closed (0.90348ms)
✔ G6.7: ownership/admin/control and competing claims coexist without winner selection (4.416078ms)
✔ G6.7: contextual recognition permits opposing audiences and no position (1.817156ms)
✔ G6.7: presence never creates or overwrites ownership/control (0.728016ms)
✔ G6.7: influence is independent and derives decay/modifiers without mutating base (0.69097ms)
✔ G6.7: secret modifiers never influence public numbers, expiration has exclusive boundary (0.376657ms)
✔ G6.7: rights and leases do not transfer claims; revocation respects policy (0.488726ms)
✔ G6.7: links preserve direction, operational status, integer costs/capacity and dependencies (0.811372ms)
✔ G6.7: occupation records refer to control/presence and ending them never invents a new owner (1.683324ms)
✔ G6.7: malformed sources and duplicate IDs are rejected, no-op keeps identity (0.931172ms)
✔ G6.7: mutations guard stale revision and reject missing audit reason (0.481706ms)
✔ G6.7: atomic batch transfer supersedes selected claims and preserves competitors, recognition and history (1.902424ms)
✔ G6.7: batch transfer aborts all outputs when any revision is stale or selected claim is not ownership (0.87733ms)
✔ G6.7: disputes settle only from explicit outcome and retain history, no strength winner (1.359366ms)
✔ G6.7: disputes reject orphan claims, invalid parties and forged state/history (0.25214ms)
✔ G6.7: public projection strips private sources/history/geography and orphan recognition references (1.065444ms)
✔ G6.7: large multi-source state validates and projects without mutating canonical truth (31.26107ms)
✔ G4-AUD-010: ThresholdService evaluates condition breaches on accounts (1.625688ms)
✔ G4-AUD-008: ThresholdService tracks crossedStates and emits only on state transition (breach vs recovery) (0.297367ms)
✔ G4-AUD-010: CustomResourceDefinitionStore loads and validates custom world resource definitions (0.599543ms)
✔ G4-AUD-010: Multi-domain economy aggregation accounts for hidden and unknown contributors (1.553769ms)
✔ G4-AUD-010: Zero-delta adjustment acts as no-op and creates no ledger entries (2.029376ms)
✔ G4-REVAL3-007: ThresholdService persistence survives reload via InMemoryThresholdStorageAdapter (0.554624ms)
✔ G4-REVAL3-007: EconomyService automatically triggers evaluateCrossings on balance mutations (1.885778ms)
✔ G4-REVAL3-007: Multi-domain economy aggregation tracks incomplete/unknown contributors (1.015419ms)
✔ G4-REVAL3-007: Canonical economy commands economy:set-threshold, economy:register-custom-resource, and release reason (5.030273ms)
✔ G4-REVAL4-002: ThresholdService.flush() propagates storage failure and economy:set-threshold returns DM_DOMAIN_STORAGE_ERROR (1.271815ms)
✔ G4-REVAL4-004: economy:register-custom-resource rejects duplicate resource definition with DM_ECON_RESOURCE_ALREADY_EXISTS (0.748176ms)
✔ G4-REVAL4-004: EconomyAggregationProvider marks unresolvable derived accounts as incomplete and lists domain in unknownContributors (0.572362ms)
✔ G4-REVAL5-004: In-memory state rolls back on storage failure for thresholds and custom resources (1.04341ms)
✔ TransactionRecord enforces valid lifecycle transitions and rejects invalid state jumps (1.298284ms)
✔ RecoveryService startup scan detects uncommitted transaction from previous session and isolates keys (0.998774ms)
✔ RecoveryService supports idempotent repeated recovery execution (0.516858ms)
✔ RecoveryService keeps transaction in needs-recovery when compensation fails (0.278559ms)
✔ G3 UI Security: escapeHtml and escapeAttribute correctly escape dangerous HTML characters (0.987777ms)
✔ G3 UI Security: renderPeopleSubsystemHtml escapes malicious strings across all People components (15.084858ms)
✔ G3 Workforce Roundtrip: PopulationGroup workforceContributions persistence, validation, and workforce calculation (2.620775ms)
✔ G3.6 - Workforce: Formula calculates capacity, committed, reserved, available correctly (1.46776ms)
✔ G3.6 - Workforce: Inactive or disbanded operational groups contribute 0 capacity (0.219109ms)
✔ G3.6 - Workforce: Anti-double-count between linked operational groups and population groups (0.206501ms)
✔ G3.6 - Workforce: Expired reservation automatically releases reserved capacity (0.248554ms)
ℹ tests 878
ℹ suites 0
ℹ pass 878
ℹ fail 0
ℹ cancelled 0
ℹ skipped 0
ℹ todo 0
ℹ duration_ms 29912.777024
