✔ G6.9 runtime: composed owners, immutable facade and durable semantic state survive reload (25.205842ms)
✔ G6.9 runtime: authenticated remote sender cannot forge GM or inspect secrets (10.191962ms)
✔ G6.9 runtime: durable command dedupe persists after process restart (6.26504ms)
✔ G6.9 runtime: uncertain storage is fenced and recovered forward from durable intent (4.905164ms)
✔ G6.9 runtime: shared location hierarchy rejects missing/cyclic parent through semantic command (7.244896ms)
✔ G6.9 persistence: canonical journals have neutral names and deny public ownership (1.463714ms)
✔ G6.9 proposals: controller proposes, GM edits and approves atomically, original survives reload (8.771263ms)
✔ G6.9 proposals: stale approval fails closed and rejection preserves the request (8.813187ms)
✔ G6.9 UI: draft forms create each owner through authority and open a paginated escaped inspector (14.610894ms)
✔ G6.9 UI: territorial preview binds the confirmed payload and stale/edited fields require another preview (3.465627ms)
✔ G6.9 agreements: real economic owner executes once on activation, remains once after suspend/resume and restart (51.921667ms)
✔ G6.10 security: recovery journals deny observer access to secret before/after images (0.46499ms)
✔ G6.10 recovery: partial batch transfer is isolated and completed without erasing competing claims (12.553016ms)
✔ G6.10 recovery: divergent canonical state is never overwritten by automatic recovery (3.336933ms)
✔ G6.10 grants: authority applies source visibility, conditions, scope and expiry before provenance (19.266617ms)
✔ G6.10 tree and scale: indexed branches are independent and list pagination excludes secret counts (28.452058ms)
✔ G6.10 security: public territory cannot expose private parent, target or unclassified metadata (3.876305ms)
✔ G6.10 security: GM-only changes to a reviewed proposal stay on the authority (7.667382ms)
✔ G6.10 effects: economic receipt is reconciled after lost parent-save response without paying twice (46.156783ms)
✔ G6.10 effects: unavailable owner prevents activation before any canonical write (10.01848ms)
✔ G6.10 obligations: due date only reports; explicit confirmed breach may apply owner consequence once (33.405585ms)
✔ G6.10 reference guards: transfer cannot introduce a missing Domain, and embedded People parties require their owner record (2.528286ms)
✔ G6 audit: authority enforces relation uniqueness policy and independent scopes (11.979542ms)
✔ G6 audit: inherited treaty rights reach descendants without becoming global or copied truth (23.043307ms)
✔ G6 audit: restricted territory access uses all participating party types consistently (5.505297ms)
✔ G6 audit: public reputation and influence DTOs discard undeclared party metadata (3.015489ms)
ℹ tests 26
ℹ suites 0
ℹ pass 26
ℹ fail 0
ℹ cancelled 0
ℹ skipped 0
ℹ todo 0
ℹ duration_ms 459.50407
