Source commit 2500bf54969ff69870f951cc5201444035e6196a
Workflow 36909763757 / job 110529208465 / success
14 workflows success; artifact 11186415785
2026-10-01T18:50:01.2387119Z node: v22.23.3
2026-10-01T18:50:07.7462595Z > tsc --noEmit
2026-10-01T18:50:07.8936841Z # tests 15
2026-10-01T18:50:07.8937564Z # pass 15
2026-10-01T18:50:07.8937882Z # fail 0
2026-10-01T18:50:07.8938558Z # skipped 0
2026-10-01T18:50:07.8939244Z # duration_ms 155.879139
2026-10-01T18:50:11.8994817Z # tests 139
2026-10-01T18:50:11.8995478Z # pass 139
2026-10-01T18:50:11.8995704Z # fail 0
2026-10-01T18:50:11.8996149Z # skipped 0
2026-10-01T18:50:11.8996595Z # duration_ms 3803.717485
2026-10-01T18:50:45.5679118Z # tests 1206
2026-10-01T18:50:45.5679844Z # pass 1206
2026-10-01T18:50:45.5680322Z # fail 0
2026-10-01T18:50:45.5680944Z # skipped 0
2026-10-01T18:50:45.5681559Z # duration_ms 32763.304602
2026-10-01T18:50:45.6892206Z > node build.mjs
2026-10-01T18:50:45.9536366Z > node scripts/package.mjs
2026-10-01T18:50:46.3685611Z Package created: dist/domain-manager-v0.0.8.zip
2026-10-01T18:50:46.4711738Z > node scripts/validate-release.mjs
2026-10-01T18:50:46.5059116Z Package validation passed
2026-10-01T18:50:46.5984388Z Artifact validation passed
2026-10-01T18:50:46.5985110Z Release URLs, versions and ZIP verified: v0.0.8
