Source commit c59eab694716ffb620ed7df89f1ec7a5dc62f4ad
Workflow 36904323664 / job 110510936131 / success
13 workflows success; artifact 11182204489
2026-10-01T18:06:24.8552433Z node: v22.23.3
2026-10-01T18:06:26.1161145Z > tsc --noEmit
2026-10-01T18:06:31.3234202Z # tests 8
2026-10-01T18:06:31.3238006Z # pass 8
2026-10-01T18:06:31.3238658Z # fail 0
2026-10-01T18:06:31.3240289Z # skipped 0
2026-10-01T18:06:31.3241782Z # duration_ms 144.416858
2026-10-01T18:06:35.0975667Z # tests 123
2026-10-01T18:06:35.0976226Z # pass 123
2026-10-01T18:06:35.0976507Z # fail 0
2026-10-01T18:06:35.0977518Z # skipped 0
2026-10-01T18:06:35.0978293Z # duration_ms 3555.57342
2026-10-01T18:07:06.5578500Z # tests 1175
2026-10-01T18:07:06.5579049Z # pass 1175
2026-10-01T18:07:06.5579494Z # fail 0
2026-10-01T18:07:06.5579955Z # skipped 0
2026-10-01T18:07:06.5580396Z # duration_ms 30527.998482
2026-10-01T18:07:06.6642120Z > node build.mjs
2026-10-01T18:07:06.9162246Z > node scripts/package.mjs
2026-10-01T18:07:07.3117726Z Package created: dist/domain-manager-v0.0.8.zip
2026-10-01T18:07:07.4024806Z > node scripts/validate-release.mjs
2026-10-01T18:07:07.4350560Z Package validation passed
2026-10-01T18:07:07.5184855Z Artifact validation passed
2026-10-01T18:07:07.5185399Z Release URLs, versions and ZIP verified: v0.0.8
